Archive member included to satisfy reference by file (symbol)

/Users/cherikiansh/Desktop/STM32CubeIDE.app/Contents/Eclipse/plugins/com.st.stm32cube.ide.mcu.externaltools.gnu-tools-for-stm32.12.3.rel1.macos64_1.0.100.202403111906/tools/bin/../lib/gcc/arm-none-eabi/12.3.1/../../../../arm-none-eabi/lib/thumb/v7e-m/nofp/libc_nano.a(libc_a-exit.o)
                              /Users/cherikiansh/Desktop/STM32CubeIDE.app/Contents/Eclipse/plugins/com.st.stm32cube.ide.mcu.externaltools.gnu-tools-for-stm32.12.3.rel1.macos64_1.0.100.202403111906/tools/bin/../lib/gcc/arm-none-eabi/12.3.1/../../../../arm-none-eabi/lib/thumb/v7e-m/nofp/crt0.o (exit)
/Users/cherikiansh/Desktop/STM32CubeIDE.app/Contents/Eclipse/plugins/com.st.stm32cube.ide.mcu.externaltools.gnu-tools-for-stm32.12.3.rel1.macos64_1.0.100.202403111906/tools/bin/../lib/gcc/arm-none-eabi/12.3.1/../../../../arm-none-eabi/lib/thumb/v7e-m/nofp/libc_nano.a(libc_a-sscanf.o)
                              ./Src/main.o (sscanf)
/Users/cherikiansh/Desktop/STM32CubeIDE.app/Contents/Eclipse/plugins/com.st.stm32cube.ide.mcu.externaltools.gnu-tools-for-stm32.12.3.rel1.macos64_1.0.100.202403111906/tools/bin/../lib/gcc/arm-none-eabi/12.3.1/../../../../arm-none-eabi/lib/thumb/v7e-m/nofp/libc_nano.a(libc_a-stdio.o)
                              /Users/cherikiansh/Desktop/STM32CubeIDE.app/Contents/Eclipse/plugins/com.st.stm32cube.ide.mcu.externaltools.gnu-tools-for-stm32.12.3.rel1.macos64_1.0.100.202403111906/tools/bin/../lib/gcc/arm-none-eabi/12.3.1/../../../../arm-none-eabi/lib/thumb/v7e-m/nofp/libc_nano.a(libc_a-sscanf.o) (__seofread)
/Users/cherikiansh/Desktop/STM32CubeIDE.app/Contents/Eclipse/plugins/com.st.stm32cube.ide.mcu.externaltools.gnu-tools-for-stm32.12.3.rel1.macos64_1.0.100.202403111906/tools/bin/../lib/gcc/arm-none-eabi/12.3.1/../../../../arm-none-eabi/lib/thumb/v7e-m/nofp/libc_nano.a(libc_a-findfp.o)
                              /Users/cherikiansh/Desktop/STM32CubeIDE.app/Contents/Eclipse/plugins/com.st.stm32cube.ide.mcu.externaltools.gnu-tools-for-stm32.12.3.rel1.macos64_1.0.100.202403111906/tools/bin/../lib/gcc/arm-none-eabi/12.3.1/../../../../arm-none-eabi/lib/thumb/v7e-m/nofp/libc_nano.a(libc_a-exit.o) (__stdio_exit_handler)
/Users/cherikiansh/Desktop/STM32CubeIDE.app/Contents/Eclipse/plugins/com.st.stm32cube.ide.mcu.externaltools.gnu-tools-for-stm32.12.3.rel1.macos64_1.0.100.202403111906/tools/bin/../lib/gcc/arm-none-eabi/12.3.1/../../../../arm-none-eabi/lib/thumb/v7e-m/nofp/libc_nano.a(libc_a-fwalk.o)
                              /Users/cherikiansh/Desktop/STM32CubeIDE.app/Contents/Eclipse/plugins/com.st.stm32cube.ide.mcu.externaltools.gnu-tools-for-stm32.12.3.rel1.macos64_1.0.100.202403111906/tools/bin/../lib/gcc/arm-none-eabi/12.3.1/../../../../arm-none-eabi/lib/thumb/v7e-m/nofp/libc_nano.a(libc_a-findfp.o) (_fwalk_sglue)
/Users/cherikiansh/Desktop/STM32CubeIDE.app/Contents/Eclipse/plugins/com.st.stm32cube.ide.mcu.externaltools.gnu-tools-for-stm32.12.3.rel1.macos64_1.0.100.202403111906/tools/bin/../lib/gcc/arm-none-eabi/12.3.1/../../../../arm-none-eabi/lib/thumb/v7e-m/nofp/libc_nano.a(libc_a-memset.o)
                              /Users/cherikiansh/Desktop/STM32CubeIDE.app/Contents/Eclipse/plugins/com.st.stm32cube.ide.mcu.externaltools.gnu-tools-for-stm32.12.3.rel1.macos64_1.0.100.202403111906/tools/bin/../lib/gcc/arm-none-eabi/12.3.1/../../../../arm-none-eabi/lib/thumb/v7e-m/nofp/crt0.o (memset)
/Users/cherikiansh/Desktop/STM32CubeIDE.app/Contents/Eclipse/plugins/com.st.stm32cube.ide.mcu.externaltools.gnu-tools-for-stm32.12.3.rel1.macos64_1.0.100.202403111906/tools/bin/../lib/gcc/arm-none-eabi/12.3.1/../../../../arm-none-eabi/lib/thumb/v7e-m/nofp/libc_nano.a(libc_a-closer.o)
                              /Users/cherikiansh/Desktop/STM32CubeIDE.app/Contents/Eclipse/plugins/com.st.stm32cube.ide.mcu.externaltools.gnu-tools-for-stm32.12.3.rel1.macos64_1.0.100.202403111906/tools/bin/../lib/gcc/arm-none-eabi/12.3.1/../../../../arm-none-eabi/lib/thumb/v7e-m/nofp/libc_nano.a(libc_a-stdio.o) (_close_r)
/Users/cherikiansh/Desktop/STM32CubeIDE.app/Contents/Eclipse/plugins/com.st.stm32cube.ide.mcu.externaltools.gnu-tools-for-stm32.12.3.rel1.macos64_1.0.100.202403111906/tools/bin/../lib/gcc/arm-none-eabi/12.3.1/../../../../arm-none-eabi/lib/thumb/v7e-m/nofp/libc_nano.a(libc_a-reent.o)
                              /Users/cherikiansh/Desktop/STM32CubeIDE.app/Contents/Eclipse/plugins/com.st.stm32cube.ide.mcu.externaltools.gnu-tools-for-stm32.12.3.rel1.macos64_1.0.100.202403111906/tools/bin/../lib/gcc/arm-none-eabi/12.3.1/../../../../arm-none-eabi/lib/thumb/v7e-m/nofp/libc_nano.a(libc_a-closer.o) (errno)
/Users/cherikiansh/Desktop/STM32CubeIDE.app/Contents/Eclipse/plugins/com.st.stm32cube.ide.mcu.externaltools.gnu-tools-for-stm32.12.3.rel1.macos64_1.0.100.202403111906/tools/bin/../lib/gcc/arm-none-eabi/12.3.1/../../../../arm-none-eabi/lib/thumb/v7e-m/nofp/libc_nano.a(libc_a-impure.o)
[...]
Memory Configuration

Name             Origin             Length             Attributes
CCMRAM           0x10000000         0x00010000         xrw
RAM              0x20000000         0x00020000         xrw
FLASH            0x08000000         0x00100000         xr
*default*        0x00000000         0xffffffff

Linker script and memory map

LOAD /Users/cherikiansh/Desktop/STM32CubeIDE.app/Contents/Eclipse/plugins/com.st.stm32cube.ide.mcu.externaltools.gnu-tools-for-stm32.12.3.rel1.macos64_1.0.100.202403111906/tools/bin/../lib/gcc/arm-none-eabi/12.3.1/thumb/v7e-m/nofp/crti.o
LOAD /Users/cherikiansh/Desktop/STM32CubeIDE.app/Contents/Eclipse/plugins/com.st.stm32cube.ide.mcu.externaltools.gnu-tools-for-stm32.12.3.rel1.macos64_1.0.100.202403111906/tools/bin/../lib/gcc/arm-none-eabi/12.3.1/thumb/v7e-m/nofp/crtbegin.o
LOAD /Users/cherikiansh/Desktop/STM32CubeIDE.app/Contents/Eclipse/plugins/com.st.stm32cube.ide.mcu.externaltools.gnu-tools-for-stm32.12.3.rel1.macos64_1.0.100.202403111906/tools/bin/../lib/gcc/arm-none-eabi/12.3.1/../../../../arm-none-eabi/lib/thumb/v7e-m/nofp/crt0.o
LOAD ./Src/I2C.o
LOAD ./Src/eeprome.o
LOAD ./Src/main.o
LOAD ./Src/syscalls.o
LOAD ./Src/sysmem.o
LOAD ./Src/system_stm32f4xx.o
LOAD ./Src/usart.o
LOAD ./Startup/startup_stm32f407vgtx.o
START GROUP
LOAD /Users/cherikiansh/Desktop/STM32CubeIDE.app/Contents/Eclipse/plugins/com.st.stm32cube.ide.mcu.externaltools.gnu-tools-for-stm32.12.3.rel1.macos64_1.0.100.202403111906/tools/bin/../lib/gcc/arm-none-eabi/12.3.1/../../../../arm-none-eabi/lib/thumb/v7e-m/nofp/libc_nano.a
LOAD /Users/cherikiansh/Desktop/STM32CubeIDE.app/Contents/Eclipse/plugins/com.st.stm32cube.ide.mcu.externaltools.gnu-tools-for-stm32.12.3.rel1.macos64_1.0.100.202403111906/tools/bin/../lib/gcc/arm-none-eabi/12.3.1/../../../../arm-none-eabi/lib/thumb/v7e-m/nofp/libm.a
END GROUP
START GROUP
LOAD /Users/cherikiansh/Desktop/STM32CubeIDE.app/Contents/Eclipse/plugins/com.st.stm32cube.ide.mcu.externaltools.gnu-tools-for-stm32.12.3.rel1.macos64_1.0.100.202403111906/tools/bin/../lib/gcc/arm-none-eabi/12.3.1/thumb/v7e-m/nofp/libgcc.a
LOAD /Users/cherikiansh/Desktop/STM32CubeIDE.app/Contents/Eclipse/plugins/com.st.stm32cube.ide.mcu.externaltools.gnu-tools-for-stm32.12.3.rel1.macos64_1.0.100.202403111906/tools/bin/../lib/gcc/arm-none-eabi/12.3.1/../../../../arm-none-eabi/lib/thumb/v7e-m/nofp/libc_nano.a
END GROUP
START GROUP
LOAD /Users/cherikiansh/Desktop/STM32CubeIDE.app/Contents/Eclipse/plugins/com.st.stm32cube.ide.mcu.externaltools.gnu-tools-for-stm32.12.3.rel1.macos64_1.0.100.202403111906/tools/bin/../lib/gcc/arm-none-eabi/12.3.1/thumb/v7e-m/nofp/libgcc.a
LOAD /Users/cherikiansh/Desktop/STM32CubeIDE.app/Contents/Eclipse/plugins/com.st.stm32cube.ide.mcu.externaltools.gnu-tools-for-stm32.12.3.rel1.macos64_1.0.100.202403111906/tools/bin/../lib/gcc/arm-none-eabi/12.3.1/../../../../arm-none-eabi/lib/thumb/v7e-m/nofp/libc_nano.a
LOAD /Users/cherikiansh/Desktop/STM32CubeIDE.app/Contents/Eclipse/plugins/com.st.stm32cube.ide.mcu.externaltools.gnu-tools-for-stm32.12.3.rel1.macos64_1.0.100.202403111906/tools/bin/../lib/gcc/arm-none-eabi/12.3.1/../../../../arm-none-eabi/lib/thumb/v7e-m/nofp/libnosys.a
END GROUP
START GROUP
LOAD /Users/cherikiansh/Desktop/STM32CubeIDE.app/Contents/Eclipse/plugins/com.st.stm32cube.ide.mcu.externaltools.gnu-tools-for-stm32.12.3.rel1.macos64_1.0.100.202403111906/tools/bin/../lib/gcc/arm-none-eabi/12.3.1/thumb/v7e-m/nofp/libgcc.a
LOAD /Users/cherikiansh/Desktop/STM32CubeIDE.app/Contents/Eclipse/plugins/com.st.stm32cube.ide.mcu.externaltools.gnu-tools-for-stm32.12.3.rel1.macos64_1.0.100.202403111906/tools/bin/../lib/gcc/arm-none-eabi/12.3.1/../../../../arm-none-eabi/lib/thumb/v7e-m/nofp/libc_nano.a
LOAD /Users/cherikiansh/Desktop/STM32CubeIDE.app/Contents/Eclipse/plugins/com.st.stm32cube.ide.mcu.externaltools.gnu-tools-for-stm32.12.3.rel1.macos64_1.0.100.202403111906/tools/bin/../lib/gcc/arm-none-eabi/12.3.1/../../../../arm-none-eabi/lib/thumb/v7e-m/nofp/libnosys.a
END GROUP
LOAD /Users/cherikiansh/Desktop/STM32CubeIDE.app/Contents/Eclipse/plugins/com.st.stm32cube.ide.mcu.externaltools.gnu-tools-for-stm32.12.3.rel1.macos64_1.0.100.202403111906/tools/bin/../lib/gcc/arm-none-eabi/12.3.1/thumb/v7e-m/nofp/crtend.o
LOAD /Users/cherikiansh/Desktop/STM32CubeIDE.app/Contents/Eclipse/plugins/com.st.stm32cube.ide.mcu.externaltools.gnu-tools-for-stm32.12.3.rel1.macos64_1.0.100.202403111906/tools/bin/../lib/gcc/arm-none-eabi/12.3.1/thumb/v7e-m/nofp/crtn.o
                0x20020000                        _estack = (ORIGIN (RAM) + LENGTH (RAM))
                0x00000200                        _Min_Heap_Size = 0x200
                0x00000400                        _Min_Stack_Size = 0x400

.isr_vector     0x08000000      0x188
                0x08000000                        . = ALIGN (0x4)
 *(.isr_vector)
 .isr_vector    0x08000000      0x188 ./Startup/startup_stm32f407vgtx.o
                0x08000000                g_pfnVectors
                0x08000188                        . = ALIGN (0x4)

.text           0x08000190     0x14d4
                0x08000190                        . = ALIGN (0x4)
 *(.text)
 .text          0x08000190       0x40 /Users/cherikiansh/Desktop/STM32CubeIDE.app/Contents/Eclipse/plugins/com.st.stm32cube.ide.mcu.externaltools.gnu-tools-for-stm32.12.3.rel1.macos64_1.0.100.202403111906/tools/bin/../lib/gcc/arm-none-eabi/12.3.1/thumb/v7e-m/nofp/crtbegin.o
 .text          0x080001d0       0x10 /Users/cherikiansh/Desktop/STM32CubeIDE.app/Contents/Eclipse/plugins/com.st.stm32cube.ide.mcu.externaltools.gnu-tools-for-stm32.12.3.rel1.macos64_1.0.100.202403111906/tools/bin/../lib/gcc/arm-none-eabi/12.3.1/../../../../arm-none-eabi/lib/thumb/v7e-m/nofp/libc_nano.a(libc_a-strlen.o)
                0x080001d0                strlen
 .text          0x080001e0       0xa0 /Users/cherikiansh/Desktop/STM32CubeIDE.app/Contents/Eclipse/plugins/com.st.stm32cube.ide.mcu.externaltools.gnu-tools-for-stm32.12.3.rel1.macos64_1.0.100.202403111906/tools/bin/../lib/gcc/arm-none-eabi/12.3.1/../../../../arm-none-eabi/lib/thumb/v7e-m/nofp/libc_nano.a(libc_a-memchr.o)
                0x080001e0                memchr
 *(.text*)
 .text.DelayMs  0x08000280       0x50 ./Src/I2C.o
 .text.I2CStart
                0x080002d0       0x2c ./Src/I2C.o
                0x080002d0                I2CStart
 .text.I2CRepeatStart
                0x080002fc        0xc ./Src/I2C.o
                0x080002fc                I2CRepeatStart
 .text.I2CStop  0x08000308       0x2c ./Src/I2C.o
                0x08000308                I2CStop
 .text.I2CSendSlaveAddress
                0x08000334       0x34 ./Src/I2C.o
                0x08000334                I2CSendSlaveAddress
 .text.I2CSendData
                0x08000368       0x3c ./Src/I2C.o
                0x08000368                I2CSendData
 .text.I2CRecvDataAck
                0x080003a4       0x38 ./Src/I2C.o
                0x080003a4                I2CRecvDataAck
 .text.I2CRecvDataNAck
                0x080003dc       0x38 ./Src/I2C.o
                0x080003dc                I2CRecvDataNAck
 .text.I2CIsDeviceReady
                0x08000414       0x3c ./Src/I2C.o
                0x08000414                I2CIsDeviceReady
 .text.I2CInit  0x08000450      0x120 ./Src/I2C.o
                0x08000450                I2CInit
 .text.EEPROM_Init
                0x08000570       0x22 ./Src/eeprome.o
                0x08000570                EEPROM_Init
 .text.EEPROM_Write
                0x08000592       0x64 ./Src/eeprome.o
                0x08000592                EEPROM_Write
 .text.EEPROM_Read
                0x080005f6       0x7e ./Src/eeprome.o
                0x080005f6                EEPROM_Read
 .text.main     0x08000674       0xb8 ./Src/main.o
                0x08000674                main
 .text._sbrk    0x0800072c       0x6c ./Src/sysmem.o
                0x0800072c                _sbrk
 .text.SystemInit
                0x08000798        0xc ./Src/system_stm32f4xx.o
                0x08000798                SystemInit
 .text.DWT_Init
                0x080007a4       0x60 ./Src/system_stm32f4xx.o
                0x080007a4                DWT_Init
 .text.uartinit
                0x08000804       0xdc ./Src/usart.o
                0x08000804                uartinit
 .text.uartputch
                0x080008e0       0x2c ./Src/usart.o
                0x080008e0                uartputch
 .text.uartgetch
                0x0800090c       0x2c ./Src/usart.o
                0x0800090c                uartgetch
 .text.uartputs
                0x08000938       0x38 ./Src/usart.o
                0x08000938                uartputs
 .text.uartgets
                0x08000970       0x4c ./Src/usart.o
                0x08000970                uartgets
 .text.Reset_Handler
                0x080009bc       0x50 ./Startup/startup_stm32f407vgtx.o
                0x080009bc                Reset_Handler
 .text.Default_Handler
                0x08000a0c        0x2 ./Startup/startup_stm32f407vgtx.o
                0x08000a0c                DMA1_Stream3_IRQHandler
                0x08000a0c                HASH_RNG_IRQHandler
                0x08000a0c                EXTI2_IRQHandler
                0x08000a0c                TIM8_CC_IRQHandler
                0x08000a0c                DebugMon_Handler
                0x08000a0c                TIM1_CC_IRQHandler
                0x08000a0c                DMA2_Stream5_IRQHandler
                0x08000a0c                HardFault_Handler
                0x08000a0c                DMA1_Stream5_IRQHandler
                0x08000a0c                SysTick_Handler
                0x08000a0c                PVD_IRQHandler
                0x08000a0c                SDIO_IRQHandler
                0x08000a0c                TAMP_STAMP_IRQHandler
                0x08000a0c                PendSV_Handler
                0x08000a0c                NMI_Handler
                0x08000a0c                CAN2_RX1_IRQHandler
                0x08000a0c                EXTI3_IRQHandler
                0x08000a0c                TIM8_TRG_COM_TIM14_IRQHandler
                0x08000a0c                TIM1_UP_TIM10_IRQHandler
                0x08000a0c                TIM8_UP_TIM13_IRQHandler
                0x08000a0c                I2C3_ER_IRQHandler
                0x08000a0c                EXTI0_IRQHandler
                0x08000a0c                I2C2_EV_IRQHandler
                0x08000a0c                DMA1_Stream2_IRQHandler
                0x08000a0c                CAN1_RX0_IRQHandler
                0x08000a0c                FPU_IRQHandler
                0x08000a0c                OTG_HS_WKUP_IRQHandler
                0x08000a0c                UsageFault_Handler
                0x08000a0c                CAN2_SCE_IRQHandler
                0x08000a0c                DMA2_Stream2_IRQHandler
                0x08000a0c                SPI1_IRQHandler
                0x08000a0c                TIM6_DAC_IRQHandler
                0x08000a0c                TIM1_BRK_TIM9_IRQHandler
                0x08000a0c                DCMI_IRQHandler
                0x08000a0c                CAN2_RX0_IRQHandler
                0x08000a0c                DMA2_Stream3_IRQHandler
                0x08000a0c                USART6_IRQHandler
                0x08000a0c                USART3_IRQHandler
                0x08000a0c                CRYP_IRQHandler
                0x08000a0c                CAN1_RX1_IRQHandler
                0x08000a0c                UART5_IRQHandler
                0x08000a0c                DMA2_Stream0_IRQHandler
                0x08000a0c                TIM4_IRQHandler
                0x08000a0c                I2C1_EV_IRQHandler
                0x08000a0c                DMA1_Stream6_IRQHandler
                0x08000a0c                DMA1_Stream1_IRQHandler
                0x08000a0c                UART4_IRQHandler
                0x08000a0c                TIM3_IRQHandler
                0x08000a0c                RCC_IRQHandler
                0x08000a0c                TIM8_BRK_TIM12_IRQHandler
                0x08000a0c                Default_Handler
                0x08000a0c                EXTI15_10_IRQHandler
                0x08000a0c                ADC_IRQHandler
                0x08000a0c                DMA1_Stream7_IRQHandler
                0x08000a0c                TIM7_IRQHandler
                0x08000a0c                CAN2_TX_IRQHandler
                0x08000a0c                TIM5_IRQHandler
                0x08000a0c                DMA2_Stream7_IRQHandler
                0x08000a0c                I2C3_EV_IRQHandler
                0x08000a0c                EXTI9_5_IRQHandler
                0x08000a0c                RTC_WKUP_IRQHandler
                0x08000a0c                ETH_WKUP_IRQHandler
                0x08000a0c                SPI2_IRQHandler
                0x08000a0c                OTG_HS_EP1_IN_IRQHandler
                0x08000a0c                MemManage_Handler
                0x08000a0c                DMA1_Stream0_IRQHandler
                0x08000a0c                CAN1_TX_IRQHandler
                0x08000a0c                SVC_Handler
                0x08000a0c                EXTI4_IRQHandler
                0x08000a0c                FSMC_IRQHandler
                0x08000a0c                ETH_IRQHandler
                0x08000a0c                OTG_HS_EP1_OUT_IRQHandler
                0x08000a0c                WWDG_IRQHandler
                0x08000a0c                TIM2_IRQHandler
                0x08000a0c                OTG_FS_WKUP_IRQHandler
                0x08000a0c                TIM1_TRG_COM_TIM11_IRQHandler
                0x08000a0c                OTG_HS_IRQHandler
                0x08000a0c                EXTI1_IRQHandler
                0x08000a0c                USART2_IRQHandler
                0x08000a0c                I2C2_ER_IRQHandler
                0x08000a0c                DMA2_Stream1_IRQHandler
                0x08000a0c                CAN1_SCE_IRQHandler
                0x08000a0c                DMA2_Stream4_IRQHandler
                0x08000a0c                BusFault_Handler
                0x08000a0c                USART1_IRQHandler
                0x08000a0c                OTG_FS_IRQHandler
                0x08000a0c                SPI3_IRQHandler
                0x08000a0c                DMA1_Stream4_IRQHandler
                0x08000a0c                I2C1_ER_IRQHandler
                0x08000a0c                DMA2_Stream6_IRQHandler
                0x08000a0c                RTC_Alarm_IRQHandler
 *fill*         0x08000a0e        0x2 
 .text.sscanf   0x08000a10       0x54 /Users/cherikiansh/Desktop/STM32CubeIDE.app/Contents/Eclipse/plugins/com.st.stm32cube.ide.mcu.externaltools.gnu-tools-for-stm32.12.3.rel1.macos64_1.0.100.202403111906/tools/bin/../lib/gcc/arm-none-eabi/12.3.1/../../../../arm-none-eabi/lib/thumb/v7e-m/nofp/libc_nano.a(libc_a-sscanf.o)
                0x08000a10                sscanf
                0x08000a10                siscanf
 .text.__seofread
                0x08000a64        0x4 /Users/cherikiansh/Desktop/STM32CubeIDE.app/Contents/Eclipse/plugins/com.st.stm32cube.ide.mcu.externaltools.gnu-tools-for-stm32.12.3.rel1.macos64_1.0.100.202403111906/tools/bin/../lib/gcc/arm-none-eabi/12.3.1/../../../../arm-none-eabi/lib/thumb/v7e-m/nofp/libc_nano.a(libc_a-stdio.o)
                0x08000a64                __seofread
 .text.__errno  0x08000a68        0xc /Users/cherikiansh/Desktop/STM32CubeIDE.app/Contents/Eclipse/plugins/com.st.stm32cube.ide.mcu.externaltools.gnu-tools-for-stm32.12.3.rel1.macos64_1.0.100.202403111906/tools/bin/../lib/gcc/arm-none-eabi/12.3.1/../../../../arm-none-eabi/lib/thumb/v7e-m/nofp/libc_nano.a(libc_a-errno.o)
                0x08000a68                __errno
 .text.__libc_init_array
                0x08000a74       0x48 /Users/cherikiansh/Desktop/STM32CubeIDE.app/Contents/Eclipse/plugins/com.st.stm32cube.ide.mcu.externaltools.gnu-tools-for-stm32.12.3.rel1.macos64_1.0.100.202403111906/tools/bin/../lib/gcc/arm-none-eabi/12.3.1/../../../../arm-none-eabi/lib/thumb/v7e-m/nofp/libc_nano.a(libc_a-init.o)
                0x08000a74                __libc_init_array
 .text.__retarget_lock_acquire_recursive
                0x08000abc        0x2 /Users/cherikiansh/Desktop/STM32CubeIDE.app/Contents/Eclipse/plugins/com.st.stm32cube.ide.mcu.externaltools.gnu-tools-for-stm32.12.3.rel1.macos64_1.0.100.202403111906/tools/bin/../lib/gcc/arm-none-eabi/12.3.1/../../../../arm-none-eabi/lib/thumb/v7e-m/nofp/libc_nano.a(libc_a-lock.o)
                0x08000abc                __retarget_lock_acquire_recursive
 .text.__retarget_lock_release_recursive
                0x08000abe        0x2 /Users/cherikiansh/Desktop/STM32CubeIDE.app/Contents/Eclipse/plugins/com.st.stm32cube.ide.mcu.externaltools.gnu-tools-for-stm32.12.3.rel1.macos64_1.0.100.202403111906/tools/bin/../lib/gcc/arm-none-eabi/12.3.1/../../../../arm-none-eabi/lib/thumb/v7e-m/nofp/libc_nano.a(libc_a-lock.o)
                0x08000abe                __retarget_lock_release_recursive
 .text._free_r  0x08000ac0       0x94 /Users/cherikiansh/Desktop/STM32CubeIDE.app/Contents/Eclipse/plugins/com.st.stm32cube.ide.mcu.externaltools.gnu-tools-for-stm32.12.3.rel1.macos64_1.0.100.202403111906/tools/bin/../lib/gcc/arm-none-eabi/12.3.1/../../../../arm-none-eabi/lib/thumb/v7e-m/nofp/libc_nano.a(libc_a-freer.o)
                0x08000ac0                _free_r
 .text._sungetc_r
                0x08000b54       0x76 /Users/cherikiansh/Desktop/STM32CubeIDE.app/Contents/Eclipse/plugins/com.st.stm32cube.ide.mcu.externaltools.gnu-tools-for-stm32.12.3.rel1.macos64_1.0.100.202403111906/tools/bin/../lib/gcc/arm-none-eabi/12.3.1/../../../../arm-none-eabi/lib/thumb/v7e-m/nofp/libc_nano.a(libc_a-nano-svfscanf.o)
                0x08000b54                _sungetc_r
 .text.__ssrefill_r
                0x08000bca       0x3a /Users/cherikiansh/Desktop/STM32CubeIDE.app/Contents/Eclipse/plugins/com.st.stm32cube.ide.mcu.externaltools.gnu-tools-for-stm32.12.3.rel1.macos64_1.0.100.202403111906/tools/bin/../lib/gcc/arm-none-eabi/12.3.1/../../../../arm-none-eabi/lib/thumb/v7e-m/nofp/libc_nano.a(libc_a-nano-svfscanf.o)
                0x08000bca                __ssrefill_r
 .text.__ssvfscanf_r
                0x08000c04      0x2e8 /Users/cherikiansh/Desktop/STM32CubeIDE.app/Contents/Eclipse/plugins/com.st.stm32cube.ide.mcu.externaltools.gnu-tools-for-stm32.12.3.rel1.macos64_1.0.100.202403111906/tools/bin/../lib/gcc/arm-none-eabi/12.3.1/../../../../arm-none-eabi/lib/thumb/v7e-m/nofp/libc_nano.a(libc_a-nano-svfscanf.o)
                0x08000c04                __ssvfscanf_r
                0x08000c04                __ssvfiscanf_r
 .text.sbrk_aligned
                0x08000eec       0x44 /Users/cherikiansh/Desktop/STM32CubeIDE.app/Contents/Eclipse/plugins/com.st.stm32cube.ide.mcu.externaltools.gnu-tools-for-stm32.12.3.rel1.macos64_1.0.100.202403111906/tools/bin/../lib/gcc/arm-none-eabi/12.3.1/../../../../arm-none-eabi/lib/thumb/v7e-m/nofp/libc_nano.a(libc_a-mallocr.o)
 .text._malloc_r
                0x08000f30      0x100 /Users/cherikiansh/Desktop/STM32CubeIDE.app/Contents/Eclipse/plugins/com.st.stm32cube.ide.mcu.externaltools.gnu-tools-for-stm32.12.3.rel1.macos64_1.0.100.202403111906/tools/bin/../lib/gcc/arm-none-eabi/12.3.1/../../../../arm-none-eabi/lib/thumb/v7e-m/nofp/libc_nano.a(libc_a-mallocr.o)
                0x08000f30                _malloc_r
 .text._scanf_chars
                0x08001030       0xb4 /Users/cherikiansh/Desktop/STM32CubeIDE.app/Contents/Eclipse/plugins/com.st.stm32cube.ide.mcu.externaltools.gnu-tools-for-stm32.12.3.rel1.macos64_1.0.100.202403111906/tools/bin/../lib/gcc/arm-none-eabi/12.3.1/../../../../arm-none-eabi/lib/thumb/v7e-m/nofp/libc_nano.a(libc_a-nano-vfscanf_i.o)
                0x08001030                _scanf_chars
 .text._scanf_i
                0x080010e4      0x1e8 /Users/cherikiansh/Desktop/STM32CubeIDE.app/Contents/Eclipse/plugins/com.st.stm32cube.ide.mcu.externaltools.gnu-tools-for-stm32.12.3.rel1.macos64_1.0.100.202403111906/tools/bin/../lib/gcc/arm-none-eabi/12.3.1/../../../../arm-none-eabi/lib/thumb/v7e-m/nofp/libc_nano.a(libc_a-nano-vfscanf_i.o)
                0x080010e4                _scanf_i
 .text.__sccl   0x080012cc       0x72 /Users/cherikiansh/Desktop/STM32CubeIDE.app/Contents/Eclipse/plugins/com.st.stm32cube.ide.mcu.externaltools.gnu-tools-for-stm32.12.3.rel1.macos64_1.0.100.202403111906/tools/bin/../lib/gcc/arm-none-eabi/12.3.1/../../../../arm-none-eabi/lib/thumb/v7e-m/nofp/libc_nano.a(libc_a-sccl.o)
                0x080012cc                __sccl
 *fill*         0x0800133e        0x2 
 .text.__malloc_lock
                0x08001340        0xc /Users/cherikiansh/Desktop/STM32CubeIDE.app/Contents/Eclipse/plugins/com.st.stm32cube.ide.mcu.externaltools.gnu-tools-for-stm32.12.3.rel1.macos64_1.0.100.202403111906/tools/bin/../lib/gcc/arm-none-eabi/12.3.1/../../../../arm-none-eabi/lib/thumb/v7e-m/nofp/libc_nano.a(libc_a-mlock.o)
                0x08001340                __malloc_lock
 .text.__malloc_unlock
                0x0800134c        0xc /Users/cherikiansh/Desktop/STM32CubeIDE.app/Contents/Eclipse/plugins/com.st.stm32cube.ide.mcu.externaltools.gnu-tools-for-stm32.12.3.rel1.macos64_1.0.100.202403111906/tools/bin/../lib/gcc/arm-none-eabi/12.3.1/../../../../arm-none-eabi/lib/thumb/v7e-m/nofp/libc_nano.a(libc_a-mlock.o)
                0x0800134c                __malloc_unlock
 .text.__submore
                0x08001358       0x74 /Users/cherikiansh/Desktop/STM32CubeIDE.app/Contents/Eclipse/plugins/com.st.stm32cube.ide.mcu.externaltools.gnu-tools-for-stm32.12.3.rel1.macos64_1.0.100.202403111906/tools/bin/../lib/gcc/arm-none-eabi/12.3.1/../../../../arm-none-eabi/lib/thumb/v7e-m/nofp/libc_nano.a(libc_a-ungetc.o)
                0x08001358                __submore
 .text._realloc_r
                0x080013cc       0x5c /Users/cherikiansh/Desktop/STM32CubeIDE.app/Contents/Eclipse/plugins/com.st.stm32cube.ide.mcu.externaltools.gnu-tools-for-stm32.12.3.rel1.macos64_1.0.100.202403111906/tools/bin/../lib/gcc/arm-none-eabi/12.3.1/../../../../arm-none-eabi/lib/thumb/v7e-m/nofp/libc_nano.a(libc_a-reallocr.o)
                0x080013cc                _realloc_r
 .text._strtol_l.constprop.0
                0x08001428       0xf4 /Users/cherikiansh/Desktop/STM32CubeIDE.app/Contents/Eclipse/plugins/com.st.stm32cube.ide.mcu.externaltools.gnu-tools-for-stm32.12.3.rel1.macos64_1.0.100.202403111906/tools/bin/../lib/gcc/arm-none-eabi/12.3.1/../../../../arm-none-eabi/lib/thumb/v7e-m/nofp/libc_nano.a(libc_a-strtol.o)
 .text._strtol_r
                0x0800151c        0x4 /Users/cherikiansh/Desktop/STM32CubeIDE.app/Contents/Eclipse/plugins/com.st.stm32cube.ide.mcu.externaltools.gnu-tools-for-stm32.12.3.rel1.macos64_1.0.100.202403111906/tools/bin/../lib/gcc/arm-none-eabi/12.3.1/../../../../arm-none-eabi/lib/thumb/v7e-m/nofp/libc_nano.a(libc_a-strtol.o)
                0x0800151c                _strtol_r
 .text._strtoul_l.constprop.0
                0x08001520       0xdc /Users/cherikiansh/Desktop/STM32CubeIDE.app/Contents/Eclipse/plugins/com.st.stm32cube.ide.mcu.externaltools.gnu-tools-for-stm32.12.3.rel1.macos64_1.0.100.202403111906/tools/bin/../lib/gcc/arm-none-eabi/12.3.1/../../../../arm-none-eabi/lib/thumb/v7e-m/nofp/libc_nano.a(libc_a-strtoul.o)
 .text._strtoul_r
                0x080015fc        0x4 /Users/cherikiansh/Desktop/STM32CubeIDE.app/Contents/Eclipse/plugins/com.st.stm32cube.ide.mcu.externaltools.gnu-tools-for-stm32.12.3.rel1.macos64_1.0.100.202403111906/tools/bin/../lib/gcc/arm-none-eabi/12.3.1/../../../../arm-none-eabi/lib/thumb/v7e-m/nofp/libc_nano.a(libc_a-strtoul.o)
                0x080015fc                _strtoul_r
 .text._sbrk_r  0x08001600       0x20 /Users/cherikiansh/Desktop/STM32CubeIDE.app/Contents/Eclipse/plugins/com.st.stm32cube.ide.mcu.externaltools.gnu-tools-for-stm32.12.3.rel1.macos64_1.0.100.202403111906/tools/bin/../lib/gcc/arm-none-eabi/12.3.1/../../../../arm-none-eabi/lib/thumb/v7e-m/nofp/libc_nano.a(libc_a-sbrkr.o)
                0x08001600                _sbrk_r
 .text.memcpy   0x08001620       0x1c /Users/cherikiansh/Desktop/STM32CubeIDE.app/Contents/Eclipse/plugins/com.st.stm32cube.ide.mcu.externaltools.gnu-tools-for-stm32.12.3.rel1.macos64_1.0.100.202403111906/tools/bin/../lib/gcc/arm-none-eabi/12.3.1/../../../../arm-none-eabi/lib/thumb/v7e-m/nofp/libc_nano.a(libc_a-memcpy-stub.o)
                0x08001620                memcpy
 .text._malloc_usable_size_r
                0x0800163c       0x10 /Users/cherikiansh/Desktop/STM32CubeIDE.app/Contents/Eclipse/plugins/com.st.stm32cube.ide.mcu.externaltools.gnu-tools-for-stm32.12.3.rel1.macos64_1.0.100.202403111906/tools/bin/../lib/gcc/arm-none-eabi/12.3.1/../../../../arm-none-eabi/lib/thumb/v7e-m/nofp/libc_nano.a(libc_a-msizer.o)
                0x0800163c                _malloc_usable_size_r
 *(.glue_7)
 .glue_7        0x0800164c        0x0 linker stubs
 *(.glue_7t)
 .glue_7t       0x0800164c        0x0 linker stubs
 *(.eh_frame)
 .eh_frame      0x0800164c        0x0 /Users/cherikiansh/Desktop/STM32CubeIDE.app/Contents/Eclipse/plugins/com.st.stm32cube.ide.mcu.externaltools.gnu-tools-for-stm32.12.3.rel1.macos64_1.0.100.202403111906/tools/bin/../lib/gcc/arm-none-eabi/12.3.1/thumb/v7e-m/nofp/crtbegin.o
 *(.init)
 .init          0x0800164c        0x4 /Users/cherikiansh/Desktop/STM32CubeIDE.app/Contents/Eclipse/plugins/com.st.stm32cube.ide.mcu.externaltools.gnu-tools-for-stm32.12.3.rel1.macos64_1.0.100.202403111906/tools/bin/../lib/gcc/arm-none-eabi/12.3.1/thumb/v7e-m/nofp/crti.o
                0x0800164c                _init
 .init          0x08001650        0x8 /Users/cherikiansh/Desktop/STM32CubeIDE.app/Contents/Eclipse/plugins/com.st.stm32cube.ide.mcu.externaltools.gnu-tools-for-stm32.12.3.rel1.macos64_1.0.100.202403111906/tools/bin/../lib/gcc/arm-none-eabi/12.3.1/thumb/v7e-m/nofp/crtn.o
 *(.fini)
 .fini          0x08001658        0x4 /Users/cherikiansh/Desktop/STM32CubeIDE.app/Contents/Eclipse/plugins/com.st.stm32cube.ide.mcu.externaltools.gnu-tools-for-stm32.12.3.rel1.macos64_1.0.100.202403111906/tools/bin/../lib/gcc/arm-none-eabi/12.3.1/thumb/v7e-m/nofp/crti.o
                0x08001658                _fini
 .fini          0x0800165c        0x8 /Users/cherikiansh/Desktop/STM32CubeIDE.app/Contents/Eclipse/plugins/com.st.stm32cube.ide.mcu.externaltools.gnu-tools-for-stm32.12.3.rel1.macos64_1.0.100.202403111906/tools/bin/../lib/gcc/arm-none-eabi/12.3.1/thumb/v7e-m/nofp/crtn.o
                0x08001664                        . = ALIGN (0x4)
                0x08001664                        _etext = .

.vfp11_veneer   0x08001664        0x0
 .vfp11_veneer  0x08001664        0x0 linker stubs

.v4_bx          0x08001664        0x0
 .v4_bx         0x08001664        0x0 linker stubs

.iplt           0x08001664        0x0
 .iplt          0x08001664        0x0 /Users/cherikiansh/Desktop/STM32CubeIDE.app/Contents/Eclipse/plugins/com.st.stm32cube.ide.mcu.externaltools.gnu-tools-for-stm32.12.3.rel1.macos64_1.0.100.202403111906/tools/bin/../lib/gcc/arm-none-eabi/12.3.1/thumb/v7e-m/nofp/crtbegin.o

.rodata         0x08001664      0x168
                0x08001664                        . = ALIGN (0x4)
 *(.rodata)
 .rodata        0x08001664       0x3b ./Src/main.o
 *fill*         0x0800169f        0x1 
 .rodata        0x080016a0        0xc /Users/cherikiansh/Desktop/STM32CubeIDE.app/Contents/Eclipse/plugins/com.st.stm32cube.ide.mcu.externaltools.gnu-tools-for-stm32.12.3.rel1.macos64_1.0.100.202403111906/tools/bin/../lib/gcc/arm-none-eabi/12.3.1/../../../../arm-none-eabi/lib/thumb/v7e-m/nofp/libc_nano.a(libc_a-nano-vfscanf_i.o)
 *(.rodata*)
 .rodata.__ssvfscanf_r.str1.1
                0x080016ac        0x4 /Users/cherikiansh/Desktop/STM32CubeIDE.app/Contents/Eclipse/plugins/com.st.stm32cube.ide.mcu.externaltools.gnu-tools-for-stm32.12.3.rel1.macos64_1.0.100.202403111906/tools/bin/../lib/gcc/arm-none-eabi/12.3.1/../../../../arm-none-eabi/lib/thumb/v7e-m/nofp/libc_nano.a(libc_a-nano-svfscanf.o)
 .rodata._scanf_i.str1.1
                0x080016b0       0x12 /Users/cherikiansh/Desktop/STM32CubeIDE.app/Contents/Eclipse/plugins/com.st.stm32cube.ide.mcu.externaltools.gnu-tools-for-stm32.12.3.rel1.macos64_1.0.100.202403111906/tools/bin/../lib/gcc/arm-none-eabi/12.3.1/../../../../arm-none-eabi/lib/thumb/v7e-m/nofp/libc_nano.a(libc_a-nano-vfscanf_i.o)
 .rodata.str1.1
                0x080016c2        0x9 /Users/cherikiansh/Desktop/STM32CubeIDE.app/Contents/Eclipse/plugins/com.st.stm32cube.ide.mcu.externaltools.gnu-tools-for-stm32.12.3.rel1.macos64_1.0.100.202403111906/tools/bin/../lib/gcc/arm-none-eabi/12.3.1/../../../../arm-none-eabi/lib/thumb/v7e-m/nofp/libc_nano.a(libc_a-nano-vfscanf_i.o)
 .rodata._ctype_
                0x080016cb      0x101 /Users/cherikiansh/Desktop/STM32CubeIDE.app/Contents/Eclipse/plugins/com.st.stm32cube.ide.mcu.externaltools.gnu-tools-for-stm32.12.3.rel1.macos64_1.0.100.202403111906/tools/bin/../lib/gcc/arm-none-eabi/12.3.1/../../../../arm-none-eabi/lib/thumb/v7e-m/nofp/libc_nano.a(libc_a-ctype_.o)
                0x080016cb                _ctype_
                0x080017cc                        . = ALIGN (0x4)

.ARM.extab      0x080017cc        0x0
                0x080017cc                        . = ALIGN (0x4)
 *(.ARM.extab* .gnu.linkonce.armextab.*)
                0x080017cc                        . = ALIGN (0x4)

.ARM            0x080017cc        0x8
                0x080017cc                        . = ALIGN (0x4)
                0x080017cc                        __exidx_start = .
 *(.ARM.exidx*)
 .ARM.exidx     0x080017cc        0x8 /Users/cherikiansh/Desktop/STM32CubeIDE.app/Contents/Eclipse/plugins/com.st.stm32cube.ide.mcu.externaltools.gnu-tools-for-stm32.12.3.rel1.macos64_1.0.100.202403111906/tools/bin/../lib/gcc/arm-none-eabi/12.3.1/../../../../arm-none-eabi/lib/thumb/v7e-m/nofp/libc_nano.a(libc_a-strlen.o)
 .ARM.exidx     0x080017d4        0x0 /Users/cherikiansh/Desktop/STM32CubeIDE.app/Contents/Eclipse/plugins/com.st.stm32cube.ide.mcu.externaltools.gnu-tools-for-stm32.12.3.rel1.macos64_1.0.100.202403111906/tools/bin/../lib/gcc/arm-none-eabi/12.3.1/../../../../arm-none-eabi/lib/thumb/v7e-m/nofp/libc_nano.a(libc_a-memchr.o)
                                  0x8 (size before relaxing)
                0x080017d4                        __exidx_end = .
                0x080017d4                        . = ALIGN (0x4)

.preinit_array  0x080017d4        0x0
                0x080017d4                        . = ALIGN (0x4)
                0x080017d4                        PROVIDE (__preinit_array_start = .)
 *(.preinit_array*)
                0x080017d4                        PROVIDE (__preinit_array_end = .)
                0x080017d4                        . = ALIGN (0x4)

.init_array     0x080017d4        0x4
                0x080017d4                        . = ALIGN (0x4)
                0x080017d4                        PROVIDE (__init_array_start = .)
 *(SORT_BY_NAME(.init_array.*))
 *(.init_array*)
 .init_array    0x080017d4        0x4 /Users/cherikiansh/Desktop/STM32CubeIDE.app/Contents/Eclipse/plugins/com.st.stm32cube.ide.mcu.externaltools.gnu-tools-for-stm32.12.3.rel1.macos64_1.0.100.202403111906/tools/bin/../lib/gcc/arm-none-eabi/12.3.1/thumb/v7e-m/nofp/crtbegin.o
                0x080017d8                        PROVIDE (__init_array_end = .)
                0x080017d8                        . = ALIGN (0x4)

.fini_array     0x080017d8        0x4
                0x080017d8                        . = ALIGN (0x4)
                [!provide]                        PROVIDE (__fini_array_start = .)
 *(SORT_BY_NAME(.fini_array.*))
 *(.fini_array*)
 .fini_array    0x080017d8        0x4 /Users/cherikiansh/Desktop/STM32CubeIDE.app/Contents/Eclipse/plugins/com.st.stm32cube.ide.mcu.externaltools.gnu-tools-for-stm32.12.3.rel1.macos64_1.0.100.202403111906/tools/bin/../lib/gcc/arm-none-eabi/12.3.1/thumb/v7e-m/nofp/crtbegin.o
                [!provide]                        PROVIDE (__fini_array_end = .)
                0x080017dc                        . = ALIGN (0x4)
                0x080017dc                        _sidata = LOADADDR (.data)

.rel.dyn        0x080017dc        0x0
 .rel.iplt      0x080017dc        0x0 /Users/cherikiansh/Desktop/STM32CubeIDE.app/Contents/Eclipse/plugins/com.st.stm32cube.ide.mcu.externaltools.gnu-tools-for-stm32.12.3.rel1.macos64_1.0.100.202403111906/tools/bin/../lib/gcc/arm-none-eabi/12.3.1/thumb/v7e-m/nofp/crtbegin.o

.data           0x20000000       0x54 load address 0x080017dc
                0x20000000                        . = ALIGN (0x4)
                0x20000000                        _sdata = .
 *(.data)
 *(.data*)
 .data.SystemCoreClock
                0x20000000        0x4 ./Src/system_stm32f4xx.o
                0x20000000                SystemCoreClock
 .data._impure_ptr
                0x20000004        0x4 /Users/cherikiansh/Desktop/STM32CubeIDE.app/Contents/Eclipse/plugins/com.st.stm32cube.ide.mcu.externaltools.gnu-tools-for-stm32.12.3.rel1.macos64_1.0.100.202403111906/tools/bin/../lib/gcc/arm-none-eabi/12.3.1/../../../../arm-none-eabi/lib/thumb/v7e-m/nofp/libc_nano.a(libc_a-impure.o)
                0x20000004                _impure_ptr
 .data._impure_data
                0x20000008       0x4c /Users/cherikiansh/Desktop/STM32CubeIDE.app/Contents/Eclipse/plugins/com.st.stm32cube.ide.mcu.externaltools.gnu-tools-for-stm32.12.3.rel1.macos64_1.0.100.202403111906/tools/bin/../lib/gcc/arm-none-eabi/12.3.1/../../../../arm-none-eabi/lib/thumb/v7e-m/nofp/libc_nano.a(libc_a-impure.o)
                0x20000008                _impure_data
 *(.RamFunc)
 *(.RamFunc*)
                0x20000054                        . = ALIGN (0x4)
                0x20000054                        _edata = .
                0x08001830                        _siccmram = LOADADDR (.ccmram)

.igot.plt       0x20000054        0x0 load address 0x08001830
 .igot.plt      0x20000054        0x0 /Users/cherikiansh/Desktop/STM32CubeIDE.app/Contents/Eclipse/plugins/com.st.stm32cube.ide.mcu.externaltools.gnu-tools-for-stm32.12.3.rel1.macos64_1.0.100.202403111906/tools/bin/../lib/gcc/arm-none-eabi/12.3.1/thumb/v7e-m/nofp/crtbegin.o

.ccmram         0x10000000        0x0 load address 0x08001830
                0x10000000                        . = ALIGN (0x4)
                0x10000000                        _sccmram = .
 *(.ccmram)
 *(.ccmram*)
                0x10000000                        . = ALIGN (0x4)
                0x10000000                        _eccmram = .
                0x10000000                        . = ALIGN (0x4)

.bss            0x20000054      0x168
                0x20000054                        _sbss = .
                0x20000054                        __bss_start__ = _sbss
 *(.bss)
 .bss           0x20000054       0x1c /Users/cherikiansh/Desktop/STM32CubeIDE.app/Contents/Eclipse/plugins/com.st.stm32cube.ide.mcu.externaltools.gnu-tools-for-stm32.12.3.rel1.macos64_1.0.100.202403111906/tools/bin/../lib/gcc/arm-none-eabi/12.3.1/thumb/v7e-m/nofp/crtbegin.o
 *(.bss*)
 .bss.__sbrk_heap_end
                0x20000070        0x4 ./Src/sysmem.o
 .bss.__sf      0x20000074      0x138 /Users/cherikiansh/Desktop/STM32CubeIDE.app/Contents/Eclipse/plugins/com.st.stm32cube.ide.mcu.externaltools.gnu-tools-for-stm32.12.3.rel1.macos64_1.0.100.202403111906/tools/bin/../lib/gcc/arm-none-eabi/12.3.1/../../../../arm-none-eabi/lib/thumb/v7e-m/nofp/libc_nano.a(libc_a-findfp.o)
                0x20000074                __sf
 .bss.errno     0x200001ac        0x4 /Users/cherikiansh/Desktop/STM32CubeIDE.app/Contents/Eclipse/plugins/com.st.stm32cube.ide.mcu.externaltools.gnu-tools-for-stm32.12.3.rel1.macos64_1.0.100.202403111906/tools/bin/../lib/gcc/arm-none-eabi/12.3.1/../../../../arm-none-eabi/lib/thumb/v7e-m/nofp/libc_nano.a(libc_a-reent.o)
                0x200001ac                errno
 .bss.__lock___malloc_recursive_mutex
                0x200001b0        0x1 /Users/cherikiansh/Desktop/STM32CubeIDE.app/Contents/Eclipse/plugins/com.st.stm32cube.ide.mcu.externaltools.gnu-tools-for-stm32.12.3.rel1.macos64_1.0.100.202403111906/tools/bin/../lib/gcc/arm-none-eabi/12.3.1/../../../../arm-none-eabi/lib/thumb/v7e-m/nofp/libc_nano.a(libc_a-lock.o)
                0x200001b0                __lock___malloc_recursive_mutex
 *fill*         0x200001b1        0x3 
 .bss.__malloc_sbrk_start
                0x200001b4        0x4 /Users/cherikiansh/Desktop/STM32CubeIDE.app/Contents/Eclipse/plugins/com.st.stm32cube.ide.mcu.externaltools.gnu-tools-for-stm32.12.3.rel1.macos64_1.0.100.202403111906/tools/bin/../lib/gcc/arm-none-eabi/12.3.1/../../../../arm-none-eabi/lib/thumb/v7e-m/nofp/libc_nano.a(libc_a-mallocr.o)
                0x200001b4                __malloc_sbrk_start
 .bss.__malloc_free_list
                0x200001b8        0x4 /Users/cherikiansh/Desktop/STM32CubeIDE.app/Contents/Eclipse/plugins/com.st.stm32cube.ide.mcu.externaltools.gnu-tools-for-stm32.12.3.rel1.macos64_1.0.100.202403111906/tools/bin/../lib/gcc/arm-none-eabi/12.3.1/../../../../arm-none-eabi/lib/thumb/v7e-m/nofp/libc_nano.a(libc_a-mallocr.o)
                0x200001b8                __malloc_free_list
 *(COMMON)
                0x200001bc                        . = ALIGN (0x4)
                0x200001bc                        _ebss = .
                0x200001bc                        __bss_end__ = _ebss

._user_heap_stack
                0x200001bc      0x604
                0x200001c0                        . = ALIGN (0x8)
 *fill*         0x200001bc        0x4 
                [!provide]                        PROVIDE (end = .)
                0x200001c0                        PROVIDE (_end = .)
                0x200003c0                        . = (. + _Min_Heap_Size)
 *fill*         0x200001c0      0x200 
                0x200007c0                        . = (. + _Min_Stack_Size)
 *fill*         0x200003c0      0x400 
                0x200007c0                        . = ALIGN (0x8)

/DISCARD/
 libc.a(*)
 libm.a(*)
 libgcc.a(*)

.ARM.attributes
                0x00000000       0x2a
 *(.ARM.attributes)
 .ARM.attributes
                0x00000000       0x1e /Users/cherikiansh/Desktop/STM32CubeIDE.app/Contents/Eclipse/plugins/com.st.stm32cube.ide.mcu.externaltools.gnu-tools-for-stm32.12.3.rel1.macos64_1.0.100.202403111906/tools/bin/../lib/gcc/arm-none-eabi/12.3.1/thumb/v7e-m/nofp/crti.o
 .ARM.attributes
                0x0000001e       0x2e /Users/cherikiansh/Desktop/STM32CubeIDE.app/Contents/Eclipse/plugins/com.st.stm32cube.ide.mcu.externaltools.gnu-tools-for-stm32.12.3.rel1.macos64_1.0.100.202403111906/tools/bin/../lib/gcc/arm-none-eabi/12.3.1/thumb/v7e-m/nofp/crtbegin.o
 .ARM.attributes
                0x0000004c       0x2e ./Src/I2C.o
 .ARM.attributes
                0x0000007a       0x2e ./Src/eeprome.o
 .ARM.attributes
                0x000000a8       0x2e ./Src/main.o
 .ARM.attributes
                0x000000d6       0x2e ./Src/sysmem.o
 .ARM.attributes
                0x00000104       0x2e ./Src/system_stm32f4xx.o
 .ARM.attributes
                0x00000132       0x2e ./Src/usart.o
 .ARM.attributes
                0x00000160       0x21 ./Startup/startup_stm32f407vgtx.o
 .ARM.attributes
                0x00000181       0x2e /Users/cherikiansh/Desktop/STM32CubeIDE.app/Contents/Eclipse/plugins/com.st.stm32cube.ide.mcu.externaltools.gnu-tools-for-stm32.12.3.rel1.macos64_1.0.100.202403111906/tools/bin/../lib/gcc/arm-none-eabi/12.3.1/../../../../arm-none-eabi/lib/thumb/v7e-m/nofp/libc_nano.a(libc_a-sscanf.o)
 .ARM.attributes
                0x000001af       0x2e /Users/cherikiansh/Desktop/STM32CubeIDE.app/Contents/Eclipse/plugins/com.st.stm32cube.ide.mcu.externaltools.gnu-tools-for-stm32.12.3.rel1.macos64_1.0.100.202403111906/tools/bin/../lib/gcc/arm-none-eabi/12.3.1/../../../../arm-none-eabi/lib/thumb/v7e-m/nofp/libc_nano.a(libc_a-stdio.o)
 .ARM.attributes
                0x000001dd       0x2e /Users/cherikiansh/Desktop/STM32CubeIDE.app/Contents/Eclipse/plugins/com.st.stm32cube.ide.mcu.externaltools.gnu-tools-for-stm32.12.3.rel1.macos64_1.0.100.202403111906/tools/bin/../lib/gcc/arm-none-eabi/12.3.1/../../../../arm-none-eabi/lib/thumb/v7e-m/nofp/libc_nano.a(libc_a-findfp.o)
 .ARM.attributes
                0x0000020b       0x2e /Users/cherikiansh/Desktop/STM32CubeIDE.app/Contents/Eclipse/plugins/com.st.stm32cube.ide.mcu.externaltools.gnu-tools-for-stm32.12.3.rel1.macos64_1.0.100.202403111906/tools/bin/../lib/gcc/arm-none-eabi/12.3.1/../../../../arm-none-eabi/lib/thumb/v7e-m/nofp/libc_nano.a(libc_a-reent.o)
 .ARM.attributes
                0x00000239       0x2e /Users/cherikiansh/Desktop/STM32CubeIDE.app/Contents/Eclipse/plugins/com.st.stm32cube.ide.mcu.externaltools.gnu-tools-for-stm32.12.3.rel1.macos64_1.0.100.202403111906/tools/bin/../lib/gcc/arm-none-eabi/12.3.1/../../../../arm-none-eabi/lib/thumb/v7e-m/nofp/libc_nano.a(libc_a-impure.o)
 .ARM.attributes
                0x00000267       0x2e /Users/cherikiansh/Desktop/STM32CubeIDE.app/Contents/Eclipse/plugins/com.st.stm32cube.ide.mcu.externaltools.gnu-tools-for-stm32.12.3.rel1.macos64_1.0.100.202403111906/tools/bin/../lib/gcc/arm-none-eabi/12.3.1/../../../../arm-none-eabi/lib/thumb/v7e-m/nofp/libc_nano.a(libc_a-errno.o)
 .ARM.attributes
                0x00000295       0x2e /Users/cherikiansh/Desktop/STM32CubeIDE.app/Contents/Eclipse/plugins/com.st.stm32cube.ide.mcu.externaltools.gnu-tools-for-stm32.12.3.rel1.macos64_1.0.100.202403111906/tools/bin/../lib/gcc/arm-none-eabi/12.3.1/../../../../arm-none-eabi/lib/thumb/v7e-m/nofp/libc_nano.a(libc_a-init.o)
 .ARM.attributes
                0x000002c3       0x2e /Users/cherikiansh/Desktop/STM32CubeIDE.app/Contents/Eclipse/plugins/com.st.stm32cube.ide.mcu.externaltools.gnu-tools-for-stm32.12.3.rel1.macos64_1.0.100.202403111906/tools/bin/../lib/gcc/arm-none-eabi/12.3.1/../../../../arm-none-eabi/lib/thumb/v7e-m/nofp/libc_nano.a(libc_a-lock.o)
 .ARM.attributes
                0x000002f1       0x17 /Users/cherikiansh/Desktop/STM32CubeIDE.app/Contents/Eclipse/plugins/com.st.stm32cube.ide.mcu.externaltools.gnu-tools-for-stm32.12.3.rel1.macos64_1.0.100.202403111906/tools/bin/../lib/gcc/arm-none-eabi/12.3.1/../../../../arm-none-eabi/lib/thumb/v7e-m/nofp/libc_nano.a(libc_a-strlen.o)
 .ARM.attributes
                0x00000308       0x2e /Users/cherikiansh/Desktop/STM32CubeIDE.app/Contents/Eclipse/plugins/com.st.stm32cube.ide.mcu.externaltools.gnu-tools-for-stm32.12.3.rel1.macos64_1.0.100.202403111906/tools/bin/../lib/gcc/arm-none-eabi/12.3.1/../../../../arm-none-eabi/lib/thumb/v7e-m/nofp/libc_nano.a(libc_a-freer.o)
 .ARM.attributes
                0x00000336       0x2e /Users/cherikiansh/Desktop/STM32CubeIDE.app/Contents/Eclipse/plugins/com.st.stm32cube.ide.mcu.externaltools.gnu-tools-for-stm32.12.3.rel1.macos64_1.0.100.202403111906/tools/bin/../lib/gcc/arm-none-eabi/12.3.1/../../../../arm-none-eabi/lib/thumb/v7e-m/nofp/libc_nano.a(libc_a-nano-svfscanf.o)
 .ARM.attributes
                0x00000364       0x2e /Users/cherikiansh/Desktop/STM32CubeIDE.app/Contents/Eclipse/plugins/com.st.stm32cube.ide.mcu.externaltools.gnu-tools-for-stm32.12.3.rel1.macos64_1.0.100.202403111906/tools/bin/../lib/gcc/arm-none-eabi/12.3.1/../../../../arm-none-eabi/lib/thumb/v7e-m/nofp/libc_nano.a(libc_a-mallocr.o)
 .ARM.attributes
                0x00000392       0x2e /Users/cherikiansh/Desktop/STM32CubeIDE.app/Contents/Eclipse/plugins/com.st.stm32cube.ide.mcu.externaltools.gnu-tools-for-stm32.12.3.rel1.macos64_1.0.100.202403111906/tools/bin/../lib/gcc/arm-none-eabi/12.3.1/../../../../arm-none-eabi/lib/thumb/v7e-m/nofp/libc_nano.a(libc_a-nano-vfscanf_i.o)
 .ARM.attributes
                0x000003c0       0x2e /Users/cherikiansh/Desktop/STM32CubeIDE.app/Contents/Eclipse/plugins/com.st.stm32cube.ide.mcu.externaltools.gnu-tools-for-stm32.12.3.rel1.macos64_1.0.100.202403111906/tools/bin/../lib/gcc/arm-none-eabi/12.3.1/../../../../arm-none-eabi/lib/thumb/v7e-m/nofp/libc_nano.a(libc_a-sccl.o)
 .ARM.attributes
                0x000003ee       0x2e /Users/cherikiansh/Desktop/STM32CubeIDE.app/Contents/Eclipse/plugins/com.st.stm32cube.ide.mcu.externaltools.gnu-tools-for-stm32.12.3.rel1.macos64_1.0.100.202403111906/tools/bin/../lib/gcc/arm-none-eabi/12.3.1/../../../../arm-none-eabi/lib/thumb/v7e-m/nofp/libc_nano.a(libc_a-mlock.o)
 .ARM.attributes
                0x0000041c       0x2e /Users/cherikiansh/Desktop/STM32CubeIDE.app/Contents/Eclipse/plugins/com.st.stm32cube.ide.mcu.externaltools.gnu-tools-for-stm32.12.3.rel1.macos64_1.0.100.202403111906/tools/bin/../lib/gcc/arm-none-eabi/12.3.1/../../../../arm-none-eabi/lib/thumb/v7e-m/nofp/libc_nano.a(libc_a-ungetc.o)
 .ARM.attributes
                0x0000044a       0x2e /Users/cherikiansh/Desktop/STM32CubeIDE.app/Contents/Eclipse/plugins/com.st.stm32cube.ide.mcu.externaltools.gnu-tools-for-stm32.12.3.rel1.macos64_1.0.100.202403111906/tools/bin/../lib/gcc/arm-none-eabi/12.3.1/../../../../arm-none-eabi/lib/thumb/v7e-m/nofp/libc_nano.a(libc_a-reallocr.o)
 .ARM.attributes
                0x00000478       0x2e /Users/cherikiansh/Desktop/STM32CubeIDE.app/Contents/Eclipse/plugins/com.st.stm32cube.ide.mcu.externaltools.gnu-tools-for-stm32.12.3.rel1.macos64_1.0.100.202403111906/tools/bin/../lib/gcc/arm-none-eabi/12.3.1/../../../../arm-none-eabi/lib/thumb/v7e-m/nofp/libc_nano.a(libc_a-strtol.o)
 .ARM.attributes
                0x000004a6       0x2e /Users/cherikiansh/Desktop/STM32CubeIDE.app/Contents/Eclipse/plugins/com.st.stm32cube.ide.mcu.externaltools.gnu-tools-for-stm32.12.3.rel1.macos64_1.0.100.202403111906/tools/bin/../lib/gcc/arm-none-eabi/12.3.1/../../../../arm-none-eabi/lib/thumb/v7e-m/nofp/libc_nano.a(libc_a-strtoul.o)
 .ARM.attributes
                0x000004d4       0x2e /Users/cherikiansh/Desktop/STM32CubeIDE.app/Contents/Eclipse/plugins/com.st.stm32cube.ide.mcu.externaltools.gnu-tools-for-stm32.12.3.rel1.macos64_1.0.100.202403111906/tools/bin/../lib/gcc/arm-none-eabi/12.3.1/../../../../arm-none-eabi/lib/thumb/v7e-m/nofp/libc_nano.a(libc_a-sbrkr.o)
 .ARM.attributes
                0x00000502       0x1c /Users/cherikiansh/Desktop/STM32CubeIDE.app/Contents/Eclipse/plugins/com.st.stm32cube.ide.mcu.externaltools.gnu-tools-for-stm32.12.3.rel1.macos64_1.0.100.202403111906/tools/bin/../lib/gcc/arm-none-eabi/12.3.1/../../../../arm-none-eabi/lib/thumb/v7e-m/nofp/libc_nano.a(libc_a-memchr.o)
 .ARM.attributes
                0x0000051e       0x2e /Users/cherikiansh/Desktop/STM32CubeIDE.app/Contents/Eclipse/plugins/com.st.stm32cube.ide.mcu.externaltools.gnu-tools-for-stm32.12.3.rel1.macos64_1.0.100.202403111906/tools/bin/../lib/gcc/arm-none-eabi/12.3.1/../../../../arm-none-eabi/lib/thumb/v7e-m/nofp/libc_nano.a(libc_a-memcpy-stub.o)
 .ARM.attributes
                0x0000054c       0x2e /Users/cherikiansh/Desktop/STM32CubeIDE.app/Contents/Eclipse/plugins/com.st.stm32cube.ide.mcu.externaltools.gnu-tools-for-stm32.12.3.rel1.macos64_1.0.100.202403111906/tools/bin/../lib/gcc/arm-none-eabi/12.3.1/../../../../arm-none-eabi/lib/thumb/v7e-m/nofp/libc_nano.a(libc_a-ctype_.o)
 .ARM.attributes
                0x0000057a       0x2e /Users/cherikiansh/Desktop/STM32CubeIDE.app/Contents/Eclipse/plugins/com.st.stm32cube.ide.mcu.externaltools.gnu-tools-for-stm32.12.3.rel1.macos64_1.0.100.202403111906/tools/bin/../lib/gcc/arm-none-eabi/12.3.1/../../../../arm-none-eabi/lib/thumb/v7e-m/nofp/libc_nano.a(libc_a-msizer.o)
 .ARM.attributes
                0x000005a8       0x1e /Users/cherikiansh/Desktop/STM32CubeIDE.app/Contents/Eclipse/plugins/com.st.stm32cube.ide.mcu.externaltools.gnu-tools-for-stm32.12.3.rel1.macos64_1.0.100.202403111906/tools/bin/../lib/gcc/arm-none-eabi/12.3.1/thumb/v7e-m/nofp/crtn.o
OUTPUT(Day8A_1.elf elf32-littlearm)
LOAD linker stubs
LOAD /Users/cherikiansh/Desktop/STM32CubeIDE.app/Contents/Eclipse/plugins/com.st.stm32cube.ide.mcu.externaltools.gnu-tools-for-stm32.12.3.rel1.macos64_1.0.100.202403111906/tools/bin/../lib/gcc/arm-none-eabi/12.3.1/../../../../arm-none-eabi/lib/thumb/v7e-m/nofp/libc.a
LOAD /Users/cherikiansh/Desktop/STM32CubeIDE.app/Contents/Eclipse/plugins/com.st.stm32cube.ide.mcu.externaltools.gnu-tools-for-stm32.12.3.rel1.macos64_1.0.100.202403111906/tools/bin/../lib/gcc/arm-none-eabi/12.3.1/../../../../arm-none-eabi/lib/thumb/v7e-m/nofp/libm.a
LOAD /Users/cherikiansh/Desktop/STM32CubeIDE.app/Contents/Eclipse/plugins/com.st.stm32cube.ide.mcu.externaltools.gnu-tools-for-stm32.12.3.rel1.macos64_1.0.100.202403111906/tools/bin/../lib/gcc/arm-none-eabi/12.3.1/thumb/v7e-m/nofp/libgcc.a

.debug_info     0x00000000     0x14ec
 .debug_info    0x00000000      0x644 ./Src/I2C.o
 .debug_info    0x00000644      0x214 ./Src/eeprome.o
 .debug_info    0x00000858      0x1b0 ./Src/main.o
 .debug_info    0x00000a08      0x168 ./Src/sysmem.o
 .debug_info    0x00000b70      0x53c ./Src/system_stm32f4xx.o
 .debug_info    0x000010ac      0x410 ./Src/usart.o
 .debug_info    0x000014bc       0x30 ./Startup/startup_stm32f407vgtx.o

.debug_abbrev   0x00000000      0x70a
 .debug_abbrev  0x00000000      0x17f ./Src/I2C.o
 .debug_abbrev  0x0000017f      0x132 ./Src/eeprome.o
 .debug_abbrev  0x000002b1       0xd8 ./Src/main.o
 .debug_abbrev  0x00000389       0xbc ./Src/sysmem.o
 .debug_abbrev  0x00000445      0x158 ./Src/system_stm32f4xx.o
 .debug_abbrev  0x0000059d      0x149 ./Src/usart.o
 .debug_abbrev  0x000006e6       0x24 ./Startup/startup_stm32f407vgtx.o

.debug_aranges  0x00000000      0x178
 .debug_aranges
                0x00000000       0x68 ./Src/I2C.o
 .debug_aranges
                0x00000068       0x30 ./Src/eeprome.o
 .debug_aranges
                0x00000098       0x20 ./Src/main.o
 .debug_aranges
                0x000000b8       0x20 ./Src/sysmem.o
 .debug_aranges
                0x000000d8       0x38 ./Src/system_stm32f4xx.o
 .debug_aranges
                0x00000110       0x40 ./Src/usart.o
 .debug_aranges
                0x00000150       0x28 ./Startup/startup_stm32f407vgtx.o

.debug_rnglists
                0x00000000       0xfb
 .debug_rnglists
                0x00000000       0x4a ./Src/I2C.o
 .debug_rnglists
                0x0000004a       0x1f ./Src/eeprome.o
 .debug_rnglists
                0x00000069       0x14 ./Src/main.o
 .debug_rnglists
                0x0000007d       0x13 ./Src/sysmem.o
 .debug_rnglists
                0x00000090       0x26 ./Src/system_stm32f4xx.o
 .debug_rnglists
                0x000000b6       0x2c ./Src/usart.o
 .debug_rnglists
                0x000000e2       0x19 ./Startup/startup_stm32f407vgtx.o

.debug_macro    0x00000000    0x1943d
 .debug_macro   0x00000000       0xdc ./Src/I2C.o
 .debug_macro   0x000000dc      0xab4 ./Src/I2C.o
 .debug_macro   0x00000b90       0x2e ./Src/I2C.o
 .debug_macro   0x00000bbe       0x2f ./Src/I2C.o
 .debug_macro   0x00000bed       0x22 ./Src/I2C.o
 .debug_macro   0x00000c0f       0x8e ./Src/I2C.o
 .debug_macro   0x00000c9d       0x51 ./Src/I2C.o
 .debug_macro   0x00000cee      0x103 ./Src/I2C.o
 .debug_macro   0x00000df1       0x6a ./Src/I2C.o
 .debug_macro   0x00000e5b      0x1df ./Src/I2C.o
 .debug_macro   0x0000103a       0x1c ./Src/I2C.o
 .debug_macro   0x00001056       0x22 ./Src/I2C.o
 .debug_macro   0x00001078       0xd9 ./Src/I2C.o
 .debug_macro   0x00001151     0x102d ./Src/I2C.o
 .debug_macro   0x0000217e      0x11f ./Src/I2C.o
 .debug_macro   0x0000229d       0x11 ./Src/I2C.o
 .debug_macro   0x000022ae    0x15e3c ./Src/I2C.o
 .debug_macro   0x000180ea       0x4a ./Src/I2C.o
 .debug_macro   0x00018134       0x10 ./Src/I2C.o
 .debug_macro   0x00018144       0xeb ./Src/eeprome.o
 .debug_macro   0x0001822f       0x10 ./Src/eeprome.o
 .debug_macro   0x0001823f      0x1dd ./Src/main.o
 .debug_macro   0x0001841c       0x61 ./Src/main.o
 .debug_macro   0x0001847d       0x24 ./Src/main.o
 .debug_macro   0x000184a1       0x43 ./Src/main.o
 .debug_macro   0x000184e4       0x34 ./Src/main.o
 .debug_macro   0x00018518       0x16 ./Src/main.o
 .debug_macro   0x0001852e       0x9e ./Src/main.o
 .debug_macro   0x000185cc      0x369 ./Src/main.o
 .debug_macro   0x00018935      0x10b ./Src/main.o
 .debug_macro   0x00018a40       0x10 ./Src/main.o
 .debug_macro   0x00018a50       0x16 ./Src/main.o
 .debug_macro   0x00018a66       0x43 ./Src/main.o
 .debug_macro   0x00018aa9       0x34 ./Src/main.o
 .debug_macro   0x00018add       0x10 ./Src/main.o
 .debug_macro   0x00018aed       0x58 ./Src/main.o
 .debug_macro   0x00018b45       0x8e ./Src/main.o
 .debug_macro   0x00018bd3       0x1c ./Src/main.o
 .debug_macro   0x00018bef      0x177 ./Src/main.o
 .debug_macro   0x00018d66       0x16 ./Src/main.o
 .debug_macro   0x00018d7c       0x16 ./Src/main.o
 .debug_macro   0x00018d92      0x146 ./Src/main.o
 .debug_macro   0x00018ed8       0x2e ./Src/main.o
 .debug_macro   0x00018f06       0xff ./Src/sysmem.o
 .debug_macro   0x00019005      0x23c ./Src/sysmem.o
 .debug_macro   0x00019241       0xe0 ./Src/system_stm32f4xx.o
 .debug_macro   0x00019321       0xf4 ./Src/usart.o
 .debug_macro   0x00019415       0x28 ./Src/usart.o

.debug_line     0x00000000     0x2325
 .debug_line    0x00000000      0x6f8 ./Src/I2C.o
 .debug_line    0x000006f8      0x527 ./Src/eeprome.o
 .debug_line    0x00000c1f      0x610 ./Src/main.o
 .debug_line    0x0000122f      0x558 ./Src/sysmem.o
 .debug_line    0x00001787      0x55a ./Src/system_stm32f4xx.o
 .debug_line    0x00001ce1      0x5c9 ./Src/usart.o
 .debug_line    0x000022aa       0x7b ./Startup/startup_stm32f407vgtx.o

.debug_str      0x00000000    0x8bdc9
 .debug_str     0x00000000    0x87c55 ./Src/I2C.o
                              0x87dd9 (size before relaxing)
 .debug_str     0x00087c55       0x72 ./Src/eeprome.o
                              0x87c23 (size before relaxing)
 .debug_str     0x00087cc7     0x3a97 ./Src/main.o
                              0x8b6b8 (size before relaxing)
 .debug_str     0x0008b75e      0x4d7 ./Src/sysmem.o
                               0x60a1 (size before relaxing)
 .debug_str     0x0008bc35       0xee ./Src/system_stm32f4xx.o
                              0x87dbe (size before relaxing)
 .debug_str     0x0008bd23       0x67 ./Src/usart.o
                              0x87d4c (size before relaxing)
 .debug_str     0x0008bd8a       0x3f ./Startup/startup_stm32f407vgtx.o
                                 0x7e (size before relaxing)

.comment        0x00000000       0x43
 .comment       0x00000000       0x43 ./Src/I2C.o
                                 0x44 (size before relaxing)
 .comment       0x00000043       0x44 ./Src/eeprome.o
 .comment       0x00000043       0x44 ./Src/main.o
 .comment       0x00000043       0x44 ./Src/sysmem.o
 .comment       0x00000043       0x44 ./Src/system_stm32f4xx.o
 .comment       0x00000043       0x44 ./Src/usart.o

.debug_frame    0x00000000      0xac4
 .debug_frame   0x00000000      0x178 ./Src/I2C.o
 .debug_frame   0x00000178       0x80 ./Src/eeprome.o
 .debug_frame   0x000001f8       0x34 ./Src/main.o
 .debug_frame   0x0000022c       0x34 ./Src/sysmem.o
 .debug_frame   0x00000260       0x84 ./Src/system_stm32f4xx.o
 .debug_frame   0x000002e4       0xd0 ./Src/usart.o
 .debug_frame   0x000003b4       0x80 /Users/cherikiansh/Desktop/STM32CubeIDE.app/Contents/Eclipse/plugins/com.st.stm32cube.ide.mcu.externaltools.gnu-tools-for-stm32.12.3.rel1.macos64_1.0.100.202403111906/tools/bin/../lib/gcc/arm-none-eabi/12.3.1/../../../../arm-none-eabi/lib/thumb/v7e-m/nofp/libc_nano.a(libc_a-sscanf.o)
 .debug_frame   0x00000434       0x88 /Users/cherikiansh/Desktop/STM32CubeIDE.app/Contents/Eclipse/plugins/com.st.stm32cube.ide.mcu.externaltools.gnu-tools-for-stm32.12.3.rel1.macos64_1.0.100.202403111906/tools/bin/../lib/gcc/arm-none-eabi/12.3.1/../../../../arm-none-eabi/lib/thumb/v7e-m/nofp/libc_nano.a(libc_a-stdio.o)
 .debug_frame   0x000004bc      0x144 /Users/cherikiansh/Desktop/STM32CubeIDE.app/Contents/Eclipse/plugins/com.st.stm32cube.ide.mcu.externaltools.gnu-tools-for-stm32.12.3.rel1.macos64_1.0.100.202403111906/tools/bin/../lib/gcc/arm-none-eabi/12.3.1/../../../../arm-none-eabi/lib/thumb/v7e-m/nofp/libc_nano.a(libc_a-findfp.o)
 .debug_frame   0x00000600       0x38 /Users/cherikiansh/Desktop/STM32CubeIDE.app/Contents/Eclipse/plugins/com.st.stm32cube.ide.mcu.externaltools.gnu-tools-for-stm32.12.3.rel1.macos64_1.0.100.202403111906/tools/bin/../lib/gcc/arm-none-eabi/12.3.1/../../../../arm-none-eabi/lib/thumb/v7e-m/nofp/libc_nano.a(libc_a-reent.o)
 .debug_frame   0x00000638       0x20 /Users/cherikiansh/Desktop/STM32CubeIDE.app/Contents/Eclipse/plugins/com.st.stm32cube.ide.mcu.externaltools.gnu-tools-for-stm32.12.3.rel1.macos64_1.0.100.202403111906/tools/bin/../lib/gcc/arm-none-eabi/12.3.1/../../../../arm-none-eabi/lib/thumb/v7e-m/nofp/libc_nano.a(libc_a-errno.o)
 .debug_frame   0x00000658       0x2c /Users/cherikiansh/Desktop/STM32CubeIDE.app/Contents/Eclipse/plugins/com.st.stm32cube.ide.mcu.externaltools.gnu-tools-for-stm32.12.3.rel1.macos64_1.0.100.202403111906/tools/bin/../lib/gcc/arm-none-eabi/12.3.1/../../../../arm-none-eabi/lib/thumb/v7e-m/nofp/libc_nano.a(libc_a-init.o)
 .debug_frame   0x00000684       0xb0 /Users/cherikiansh/Desktop/STM32CubeIDE.app/Contents/Eclipse/plugins/com.st.stm32cube.ide.mcu.externaltools.gnu-tools-for-stm32.12.3.rel1.macos64_1.0.100.202403111906/tools/bin/../lib/gcc/arm-none-eabi/12.3.1/../../../../arm-none-eabi/lib/thumb/v7e-m/nofp/libc_nano.a(libc_a-lock.o)
 .debug_frame   0x00000734       0x38 /Users/cherikiansh/Desktop/STM32CubeIDE.app/Contents/Eclipse/plugins/com.st.stm32cube.ide.mcu.externaltools.gnu-tools-for-stm32.12.3.rel1.macos64_1.0.100.202403111906/tools/bin/../lib/gcc/arm-none-eabi/12.3.1/../../../../arm-none-eabi/lib/thumb/v7e-m/nofp/libc_nano.a(libc_a-freer.o)
 .debug_frame   0x0000076c       0x74 /Users/cherikiansh/Desktop/STM32CubeIDE.app/Contents/Eclipse/plugins/com.st.stm32cube.ide.mcu.externaltools.gnu-tools-for-stm32.12.3.rel1.macos64_1.0.100.202403111906/tools/bin/../lib/gcc/arm-none-eabi/12.3.1/../../../../arm-none-eabi/lib/thumb/v7e-m/nofp/libc_nano.a(libc_a-nano-svfscanf.o)
 .debug_frame   0x000007e0       0x50 /Users/cherikiansh/Desktop/STM32CubeIDE.app/Contents/Eclipse/plugins/com.st.stm32cube.ide.mcu.externaltools.gnu-tools-for-stm32.12.3.rel1.macos64_1.0.100.202403111906/tools/bin/../lib/gcc/arm-none-eabi/12.3.1/../../../../arm-none-eabi/lib/thumb/v7e-m/nofp/libc_nano.a(libc_a-mallocr.o)
 .debug_frame   0x00000830       0x64 /Users/cherikiansh/Desktop/STM32CubeIDE.app/Contents/Eclipse/plugins/com.st.stm32cube.ide.mcu.externaltools.gnu-tools-for-stm32.12.3.rel1.macos64_1.0.100.202403111906/tools/bin/../lib/gcc/arm-none-eabi/12.3.1/../../../../arm-none-eabi/lib/thumb/v7e-m/nofp/libc_nano.a(libc_a-nano-vfscanf_i.o)
 .debug_frame   0x00000894       0x2c /Users/cherikiansh/Desktop/STM32CubeIDE.app/Contents/Eclipse/plugins/com.st.stm32cube.ide.mcu.externaltools.gnu-tools-for-stm32.12.3.rel1.macos64_1.0.100.202403111906/tools/bin/../lib/gcc/arm-none-eabi/12.3.1/../../../../arm-none-eabi/lib/thumb/v7e-m/nofp/libc_nano.a(libc_a-sccl.o)
 .debug_frame   0x000008c0       0x30 /Users/cherikiansh/Desktop/STM32CubeIDE.app/Contents/Eclipse/plugins/com.st.stm32cube.ide.mcu.externaltools.gnu-tools-for-stm32.12.3.rel1.macos64_1.0.100.202403111906/tools/bin/../lib/gcc/arm-none-eabi/12.3.1/../../../../arm-none-eabi/lib/thumb/v7e-m/nofp/libc_nano.a(libc_a-mlock.o)
 .debug_frame   0x000008f0       0x5c /Users/cherikiansh/Desktop/STM32CubeIDE.app/Contents/Eclipse/plugins/com.st.stm32cube.ide.mcu.externaltools.gnu-tools-for-stm32.12.3.rel1.macos64_1.0.100.202403111906/tools/bin/../lib/gcc/arm-none-eabi/12.3.1/../../../../arm-none-eabi/lib/thumb/v7e-m/nofp/libc_nano.a(libc_a-ungetc.o)
 .debug_frame   0x0000094c       0x3c /Users/cherikiansh/Desktop/STM32CubeIDE.app/Contents/Eclipse/plugins/com.st.stm32cube.ide.mcu.externaltools.gnu-tools-for-stm32.12.3.rel1.macos64_1.0.100.202403111906/tools/bin/../lib/gcc/arm-none-eabi/12.3.1/../../../../arm-none-eabi/lib/thumb/v7e-m/nofp/libc_nano.a(libc_a-reallocr.o)
 .debug_frame   0x00000988       0x64 /Users/cherikiansh/Desktop/STM32CubeIDE.app/Contents/Eclipse/plugins/com.st.stm32cube.ide.mcu.externaltools.gnu-tools-for-stm32.12.3.rel1.macos64_1.0.100.202403111906/tools/bin/../lib/gcc/arm-none-eabi/12.3.1/../../../../arm-none-eabi/lib/thumb/v7e-m/nofp/libc_nano.a(libc_a-strtol.o)
 .debug_frame   0x000009ec       0x64 /Users/cherikiansh/Desktop/STM32CubeIDE.app/Contents/Eclipse/plugins/com.st.stm32cube.ide.mcu.externaltools.gnu-tools-for-stm32.12.3.rel1.macos64_1.0.100.202403111906/tools/bin/../lib/gcc/arm-none-eabi/12.3.1/../../../../arm-none-eabi/lib/thumb/v7e-m/nofp/libc_nano.a(libc_a-strtoul.o)
 .debug_frame   0x00000a50       0x2c /Users/cherikiansh/Desktop/STM32CubeIDE.app/Contents/Eclipse/plugins/com.st.stm32cube.ide.mcu.externaltools.gnu-tools-for-stm32.12.3.rel1.macos64_1.0.100.202403111906/tools/bin/../lib/gcc/arm-none-eabi/12.3.1/../../../../arm-none-eabi/lib/thumb/v7e-m/nofp/libc_nano.a(libc_a-sbrkr.o)
 .debug_frame   0x00000a7c       0x28 /Users/cherikiansh/Desktop/STM32CubeIDE.app/Contents/Eclipse/plugins/com.st.stm32cube.ide.mcu.externaltools.gnu-tools-for-stm32.12.3.rel1.macos64_1.0.100.202403111906/tools/bin/../lib/gcc/arm-none-eabi/12.3.1/../../../../arm-none-eabi/lib/thumb/v7e-m/nofp/libc_nano.a(libc_a-memcpy-stub.o)
 .debug_frame   0x00000aa4       0x20 /Users/cherikiansh/Desktop/STM32CubeIDE.app/Contents/Eclipse/plugins/com.st.stm32cube.ide.mcu.externaltools.gnu-tools-for-stm32.12.3.rel1.macos64_1.0.100.202403111906/tools/bin/../lib/gcc/arm-none-eabi/12.3.1/../../../../arm-none-eabi/lib/thumb/v7e-m/nofp/libc_nano.a(libc_a-msizer.o)

.debug_loclists
                0x00000000       0x1f
 .debug_loclists
                0x00000000       0x1f ./Src/system_stm32f4xx.o

.debug_line_str
                0x00000000       0x62
 .debug_line_str
                0x00000000       0x62 ./Startup/startup_stm32f407vgtx.o
