Archive member included to satisfy reference by file (symbol)

/Users/cherikiansh/Desktop/STM32CubeIDE.app/Contents/Eclipse/plugins/com.st.stm32cube.ide.mcu.externaltools.gnu-tools-for-stm32.12.3.rel1.macos64_1.0.100.202403111906/tools/bin/../lib/gcc/arm-none-eabi/12.3.1/../../../../arm-none-eabi/lib/thumb/v7e-m/nofp/libc_nano.a(libc_a-exit.o)
                              /Users/cherikiansh/Desktop/STM32CubeIDE.app/Contents/Eclipse/plugins/com.st.stm32cube.ide.mcu.externaltools.gnu-tools-for-stm32.12.3.rel1.macos64_1.0.100.202403111906/tools/bin/../lib/gcc/arm-none-eabi/12.3.1/../../../../arm-none-eabi/lib/thumb/v7e-m/nofp/crt0.o (exit)
/Users/cherikiansh/Desktop/STM32CubeIDE.app/Contents/Eclipse/plugins/com.st.stm32cube.ide.mcu.externaltools.gnu-tools-for-stm32.12.3.rel1.macos64_1.0.100.202403111906/tools/bin/../lib/gcc/arm-none-eabi/12.3.1/../../../../arm-none-eabi/lib/thumb/v7e-m/nofp/libc_nano.a(libc_a-sprintf.o)
                              ./Src/main.o (sprintf)
/Users/cherikiansh/Desktop/STM32CubeIDE.app/Contents/Eclipse/plugins/com.st.stm32cube.ide.mcu.externaltools.gnu-tools-for-stm32.12.3.rel1.macos64_1.0.100.202403111906/tools/bin/../lib/gcc/arm-none-eabi/12.3.1/../../../../arm-none-eabi/lib/thumb/v7e-m/nofp/libc_nano.a(libc_a-findfp.o)
                              /Users/cherikiansh/Desktop/STM32CubeIDE.app/Contents/Eclipse/plugins/com.st.stm32cube.ide.mcu.externaltools.gnu-tools-for-stm32.12.3.rel1.macos64_1.0.100.202403111906/tools/bin/../lib/gcc/arm-none-eabi/12.3.1/../../../../arm-none-eabi/lib/thumb/v7e-m/nofp/libc_nano.a(libc_a-exit.o) (__stdio_exit_handler)
/Users/cherikiansh/Desktop/STM32CubeIDE.app/Contents/Eclipse/plugins/com.st.stm32cube.ide.mcu.externaltools.gnu-tools-for-stm32.12.3.rel1.macos64_1.0.100.202403111906/tools/bin/../lib/gcc/arm-none-eabi/12.3.1/../../../../arm-none-eabi/lib/thumb/v7e-m/nofp/libc_nano.a(libc_a-fwalk.o)
                              /Users/cherikiansh/Desktop/STM32CubeIDE.app/Contents/Eclipse/plugins/com.st.stm32cube.ide.mcu.externaltools.gnu-tools-for-stm32.12.3.rel1.macos64_1.0.100.202403111906/tools/bin/../lib/gcc/arm-none-eabi/12.3.1/../../../../arm-none-eabi/lib/thumb/v7e-m/nofp/libc_nano.a(libc_a-findfp.o) (_fwalk_sglue)
/Users/cherikiansh/Desktop/STM32CubeIDE.app/Contents/Eclipse/plugins/com.st.stm32cube.ide.mcu.externaltools.gnu-tools-for-stm32.12.3.rel1.macos64_1.0.100.202403111906/tools/bin/../lib/gcc/arm-none-eabi/12.3.1/../../../../arm-none-eabi/lib/thumb/v7e-m/nofp/libc_nano.a(libc_a-memset.o)
                              /Users/cherikiansh/Desktop/STM32CubeIDE.app/Contents/Eclipse/plugins/com.st.stm32cube.ide.mcu.externaltools.gnu-tools-for-stm32.12.3.rel1.macos64_1.0.100.202403111906/tools/bin/../lib/gcc/arm-none-eabi/12.3.1/../../../../arm-none-eabi/lib/thumb/v7e-m/nofp/crt0.o (memset)
/Users/cherikiansh/Desktop/STM32CubeIDE.app/Contents/Eclipse/plugins/com.st.stm32cube.ide.mcu.externaltools.gnu-tools-for-stm32.12.3.rel1.macos64_1.0.100.202403111906/tools/bin/../lib/gcc/arm-none-eabi/12.3.1/../../../../arm-none-eabi/lib/thumb/v7e-m/nofp/libc_nano.a(libc_a-impure.o)
                              /Users/cherikiansh/Desktop/STM32CubeIDE.app/Contents/Eclipse/plugins/com.st.stm32cube.ide.mcu.externaltools.gnu-tools-for-stm32.12.3.rel1.macos64_1.0.100.202403111906/tools/bin/../lib/gcc/arm-none-eabi/12.3.1/../../../../arm-none-eabi/lib/thumb/v7e-m/nofp/libc_nano.a(libc_a-sprintf.o) (_impure_ptr)
/Users/cherikiansh/Desktop/STM32CubeIDE.app/Contents/Eclipse/plugins/com.st.stm32cube.ide.mcu.externaltools.gnu-tools-for-stm32.12.3.rel1.macos64_1.0.100.202403111906/tools/bin/../lib/gcc/arm-none-eabi/12.3.1/../../../../arm-none-eabi/lib/thumb/v7e-m/nofp/libc_nano.a(libc_a-errno.o)
                              ./Src/syscalls.o (__errno)
/Users/cherikiansh/Desktop/STM32CubeIDE.app/Contents/Eclipse/plugins/com.st.stm32cube.ide.mcu.externaltools.gnu-tools-for-stm32.12.3.rel1.macos64_1.0.100.202403111906/tools/bin/../lib/gcc/arm-none-eabi/12.3.1/../../../../arm-none-eabi/lib/thumb/v7e-m/nofp/libc_nano.a(libc_a-init.o)
                              /Users/cherikiansh/Desktop/STM32CubeIDE.app/Contents/Eclipse/plugins/com.st.stm32cube.ide.mcu.externaltools.gnu-tools-for-stm32.12.3.rel1.macos64_1.0.100.202403111906/tools/bin/../lib/gcc/arm-none-eabi/12.3.1/../../../../arm-none-eabi/lib/thumb/v7e-m/nofp/crt0.o (__libc_init_array)
/Users/cherikiansh/Desktop/STM32CubeIDE.app/Contents/Eclipse/plugins/com.st.stm32cube.ide.mcu.externaltools.gnu-tools-for-stm32.12.3.rel1.macos64_1.0.100.202403111906/tools/bin/../lib/gcc/arm-none-eabi/12.3.1/../../../../arm-none-eabi/lib/thumb/v7e-m/nofp/libc_nano.a(libc_a-lock.o)
                              /Users/cherikiansh/Desktop/STM32CubeIDE.app/Contents/Eclipse/plugins/com.st.stm32cube.ide.mcu.externaltools.gnu-tools-for-stm32.12.3.rel1.macos64_1.0.100.202403111906/tools/bin/../lib/gcc/arm-none-eabi/12.3.1/../../../../arm-none-eabi/lib/thumb/v7e-m/nofp/libc_nano.a(libc_a-findfp.o) (__retarget_lock_init_recursive)
[...]
Memory Configuration

Name             Origin             Length             Attributes
CCMRAM           0x10000000         0x00010000         xrw
RAM              0x20000000         0x00020000         xrw
FLASH            0x08000000         0x00100000         xr
*default*        0x00000000         0xffffffff

Linker script and memory map

LOAD /Users/cherikiansh/Desktop/STM32CubeIDE.app/Contents/Eclipse/plugins/com.st.stm32cube.ide.mcu.externaltools.gnu-tools-for-stm32.12.3.rel1.macos64_1.0.100.202403111906/tools/bin/../lib/gcc/arm-none-eabi/12.3.1/thumb/v7e-m/nofp/crti.o
LOAD /Users/cherikiansh/Desktop/STM32CubeIDE.app/Contents/Eclipse/plugins/com.st.stm32cube.ide.mcu.externaltools.gnu-tools-for-stm32.12.3.rel1.macos64_1.0.100.202403111906/tools/bin/../lib/gcc/arm-none-eabi/12.3.1/thumb/v7e-m/nofp/crtbegin.o
LOAD /Users/cherikiansh/Desktop/STM32CubeIDE.app/Contents/Eclipse/plugins/com.st.stm32cube.ide.mcu.externaltools.gnu-tools-for-stm32.12.3.rel1.macos64_1.0.100.202403111906/tools/bin/../lib/gcc/arm-none-eabi/12.3.1/../../../../arm-none-eabi/lib/thumb/v7e-m/nofp/crt0.o
LOAD ./Src/SWITCH.o
LOAD ./Src/itm.o
LOAD ./Src/lcd.o
LOAD ./Src/led.o
LOAD ./Src/main.o
LOAD ./Src/syscalls.o
LOAD ./Src/sysmem.o
LOAD ./Src/system_stm32f4xx.o
LOAD ./Startup/startup_stm32f407vgtx.o
START GROUP
LOAD /Users/cherikiansh/Desktop/STM32CubeIDE.app/Contents/Eclipse/plugins/com.st.stm32cube.ide.mcu.externaltools.gnu-tools-for-stm32.12.3.rel1.macos64_1.0.100.202403111906/tools/bin/../lib/gcc/arm-none-eabi/12.3.1/../../../../arm-none-eabi/lib/thumb/v7e-m/nofp/libc_nano.a
LOAD /Users/cherikiansh/Desktop/STM32CubeIDE.app/Contents/Eclipse/plugins/com.st.stm32cube.ide.mcu.externaltools.gnu-tools-for-stm32.12.3.rel1.macos64_1.0.100.202403111906/tools/bin/../lib/gcc/arm-none-eabi/12.3.1/../../../../arm-none-eabi/lib/thumb/v7e-m/nofp/libm.a
END GROUP
START GROUP
LOAD /Users/cherikiansh/Desktop/STM32CubeIDE.app/Contents/Eclipse/plugins/com.st.stm32cube.ide.mcu.externaltools.gnu-tools-for-stm32.12.3.rel1.macos64_1.0.100.202403111906/tools/bin/../lib/gcc/arm-none-eabi/12.3.1/thumb/v7e-m/nofp/libgcc.a
LOAD /Users/cherikiansh/Desktop/STM32CubeIDE.app/Contents/Eclipse/plugins/com.st.stm32cube.ide.mcu.externaltools.gnu-tools-for-stm32.12.3.rel1.macos64_1.0.100.202403111906/tools/bin/../lib/gcc/arm-none-eabi/12.3.1/../../../../arm-none-eabi/lib/thumb/v7e-m/nofp/libc_nano.a
END GROUP
START GROUP
LOAD /Users/cherikiansh/Desktop/STM32CubeIDE.app/Contents/Eclipse/plugins/com.st.stm32cube.ide.mcu.externaltools.gnu-tools-for-stm32.12.3.rel1.macos64_1.0.100.202403111906/tools/bin/../lib/gcc/arm-none-eabi/12.3.1/thumb/v7e-m/nofp/libgcc.a
LOAD /Users/cherikiansh/Desktop/STM32CubeIDE.app/Contents/Eclipse/plugins/com.st.stm32cube.ide.mcu.externaltools.gnu-tools-for-stm32.12.3.rel1.macos64_1.0.100.202403111906/tools/bin/../lib/gcc/arm-none-eabi/12.3.1/../../../../arm-none-eabi/lib/thumb/v7e-m/nofp/libc_nano.a
LOAD /Users/cherikiansh/Desktop/STM32CubeIDE.app/Contents/Eclipse/plugins/com.st.stm32cube.ide.mcu.externaltools.gnu-tools-for-stm32.12.3.rel1.macos64_1.0.100.202403111906/tools/bin/../lib/gcc/arm-none-eabi/12.3.1/../../../../arm-none-eabi/lib/thumb/v7e-m/nofp/libnosys.a
END GROUP
START GROUP
LOAD /Users/cherikiansh/Desktop/STM32CubeIDE.app/Contents/Eclipse/plugins/com.st.stm32cube.ide.mcu.externaltools.gnu-tools-for-stm32.12.3.rel1.macos64_1.0.100.202403111906/tools/bin/../lib/gcc/arm-none-eabi/12.3.1/thumb/v7e-m/nofp/libgcc.a
LOAD /Users/cherikiansh/Desktop/STM32CubeIDE.app/Contents/Eclipse/plugins/com.st.stm32cube.ide.mcu.externaltools.gnu-tools-for-stm32.12.3.rel1.macos64_1.0.100.202403111906/tools/bin/../lib/gcc/arm-none-eabi/12.3.1/../../../../arm-none-eabi/lib/thumb/v7e-m/nofp/libc_nano.a
LOAD /Users/cherikiansh/Desktop/STM32CubeIDE.app/Contents/Eclipse/plugins/com.st.stm32cube.ide.mcu.externaltools.gnu-tools-for-stm32.12.3.rel1.macos64_1.0.100.202403111906/tools/bin/../lib/gcc/arm-none-eabi/12.3.1/../../../../arm-none-eabi/lib/thumb/v7e-m/nofp/libnosys.a
END GROUP
LOAD /Users/cherikiansh/Desktop/STM32CubeIDE.app/Contents/Eclipse/plugins/com.st.stm32cube.ide.mcu.externaltools.gnu-tools-for-stm32.12.3.rel1.macos64_1.0.100.202403111906/tools/bin/../lib/gcc/arm-none-eabi/12.3.1/thumb/v7e-m/nofp/crtend.o
LOAD /Users/cherikiansh/Desktop/STM32CubeIDE.app/Contents/Eclipse/plugins/com.st.stm32cube.ide.mcu.externaltools.gnu-tools-for-stm32.12.3.rel1.macos64_1.0.100.202403111906/tools/bin/../lib/gcc/arm-none-eabi/12.3.1/thumb/v7e-m/nofp/crtn.o
                0x20020000                        _estack = (ORIGIN (RAM) + LENGTH (RAM))
                0x00000200                        _Min_Heap_Size = 0x200
                0x00000400                        _Min_Stack_Size = 0x400

.isr_vector     0x08000000      0x188
                0x08000000                        . = ALIGN (0x4)
 *(.isr_vector)
 .isr_vector    0x08000000      0x188 ./Startup/startup_stm32f407vgtx.o
                0x08000000                g_pfnVectors
                0x08000188                        . = ALIGN (0x4)

.text           0x08000190     0x10b4
                0x08000190                        . = ALIGN (0x4)
 *(.text)
 .text          0x08000190       0x40 /Users/cherikiansh/Desktop/STM32CubeIDE.app/Contents/Eclipse/plugins/com.st.stm32cube.ide.mcu.externaltools.gnu-tools-for-stm32.12.3.rel1.macos64_1.0.100.202403111906/tools/bin/../lib/gcc/arm-none-eabi/12.3.1/thumb/v7e-m/nofp/crtbegin.o
 .text          0x080001d0       0xa0 /Users/cherikiansh/Desktop/STM32CubeIDE.app/Contents/Eclipse/plugins/com.st.stm32cube.ide.mcu.externaltools.gnu-tools-for-stm32.12.3.rel1.macos64_1.0.100.202403111906/tools/bin/../lib/gcc/arm-none-eabi/12.3.1/../../../../arm-none-eabi/lib/thumb/v7e-m/nofp/libc_nano.a(libc_a-memchr.o)
                0x080001d0                memchr
 *(.text*)
 .text.__NVIC_EnableIRQ
                0x08000270       0x38 ./Src/SWITCH.o
 .text.SwitchInit
                0x080002a8       0xc4 ./Src/SWITCH.o
                0x080002a8                SwitchInit
 .text.DelayMs  0x0800036c       0x50 ./Src/lcd.o
 .text.LcdBusyWait
                0x080003bc       0x50 ./Src/lcd.o
                0x080003bc                LcdBusyWait
 .text.LcdWriteNibble
                0x0800040c       0x64 ./Src/lcd.o
                0x0800040c                LcdWriteNibble
 .text.LcdWrite
                0x08000470       0x48 ./Src/lcd.o
                0x08000470                LcdWrite
 .text.LcdInit  0x080004b8       0xe4 ./Src/lcd.o
                0x080004b8                LcdInit
 .text.LcdPuts  0x0800059c       0x48 ./Src/lcd.o
                0x0800059c                LcdPuts
 .text.DelayMs  0x080005e4       0x50 ./Src/led.o
 .text.LedInit  0x08000634       0xb4 ./Src/led.o
                0x08000634                LedInit
 .text.LedOn    0x080006e8       0x2c ./Src/led.o
                0x080006e8                LedOn
 .text.LedOff   0x08000714       0x2c ./Src/led.o
                0x08000714                LedOff
 .text.LedBlink
                0x08000740       0x24 ./Src/led.o
                0x08000740                LedBlink
 .text.main     0x08000764       0x6c ./Src/main.o
                0x08000764                main
 .text._sbrk    0x080007d0       0x6c ./Src/sysmem.o
                0x080007d0                _sbrk
 .text.SystemInit
                0x0800083c        0xc ./Src/system_stm32f4xx.o
                0x0800083c                SystemInit
 .text.DWT_Init
                0x08000848       0x60 ./Src/system_stm32f4xx.o
                0x08000848                DWT_Init
 .text.Reset_Handler
                0x080008a8       0x50 ./Startup/startup_stm32f407vgtx.o
                0x080008a8                Reset_Handler
 .text.Default_Handler
                0x080008f8        0x2 ./Startup/startup_stm32f407vgtx.o
                0x080008f8                DMA1_Stream3_IRQHandler
                0x080008f8                HASH_RNG_IRQHandler
                0x080008f8                EXTI2_IRQHandler
                0x080008f8                TIM8_CC_IRQHandler
                0x080008f8                DebugMon_Handler
                0x080008f8                TIM1_CC_IRQHandler
                0x080008f8                DMA2_Stream5_IRQHandler
                0x080008f8                HardFault_Handler
                0x080008f8                DMA1_Stream5_IRQHandler
                0x080008f8                SysTick_Handler
                0x080008f8                PVD_IRQHandler
                0x080008f8                SDIO_IRQHandler
                0x080008f8                TAMP_STAMP_IRQHandler
                0x080008f8                PendSV_Handler
                0x080008f8                NMI_Handler
                0x080008f8                CAN2_RX1_IRQHandler
                0x080008f8                EXTI3_IRQHandler
                0x080008f8                TIM8_TRG_COM_TIM14_IRQHandler
                0x080008f8                TIM1_UP_TIM10_IRQHandler
                0x080008f8                TIM8_UP_TIM13_IRQHandler
                0x080008f8                I2C3_ER_IRQHandler
                0x080008f8                EXTI0_IRQHandler
                0x080008f8                I2C2_EV_IRQHandler
                0x080008f8                DMA1_Stream2_IRQHandler
                0x080008f8                CAN1_RX0_IRQHandler
                0x080008f8                FPU_IRQHandler
                0x080008f8                OTG_HS_WKUP_IRQHandler
                0x080008f8                UsageFault_Handler
                0x080008f8                CAN2_SCE_IRQHandler
                0x080008f8                DMA2_Stream2_IRQHandler
                0x080008f8                SPI1_IRQHandler
                0x080008f8                TIM6_DAC_IRQHandler
                0x080008f8                TIM1_BRK_TIM9_IRQHandler
                0x080008f8                DCMI_IRQHandler
                0x080008f8                CAN2_RX0_IRQHandler
                0x080008f8                DMA2_Stream3_IRQHandler
                0x080008f8                USART6_IRQHandler
                0x080008f8                USART3_IRQHandler
                0x080008f8                CRYP_IRQHandler
                0x080008f8                CAN1_RX1_IRQHandler
                0x080008f8                UART5_IRQHandler
                0x080008f8                DMA2_Stream0_IRQHandler
                0x080008f8                TIM4_IRQHandler
                0x080008f8                I2C1_EV_IRQHandler
                0x080008f8                DMA1_Stream6_IRQHandler
                0x080008f8                DMA1_Stream1_IRQHandler
                0x080008f8                UART4_IRQHandler
                0x080008f8                TIM3_IRQHandler
                0x080008f8                RCC_IRQHandler
                0x080008f8                TIM8_BRK_TIM12_IRQHandler
                0x080008f8                Default_Handler
                0x080008f8                EXTI15_10_IRQHandler
                0x080008f8                ADC_IRQHandler
                0x080008f8                DMA1_Stream7_IRQHandler
                0x080008f8                TIM7_IRQHandler
                0x080008f8                CAN2_TX_IRQHandler
                0x080008f8                TIM5_IRQHandler
                0x080008f8                DMA2_Stream7_IRQHandler
                0x080008f8                I2C3_EV_IRQHandler
                0x080008f8                EXTI9_5_IRQHandler
                0x080008f8                RTC_WKUP_IRQHandler
                0x080008f8                ETH_WKUP_IRQHandler
                0x080008f8                SPI2_IRQHandler
                0x080008f8                OTG_HS_EP1_IN_IRQHandler
                0x080008f8                MemManage_Handler
                0x080008f8                DMA1_Stream0_IRQHandler
                0x080008f8                CAN1_TX_IRQHandler
                0x080008f8                SVC_Handler
                0x080008f8                EXTI4_IRQHandler
                0x080008f8                FSMC_IRQHandler
                0x080008f8                ETH_IRQHandler
                0x080008f8                OTG_HS_EP1_OUT_IRQHandler
                0x080008f8                WWDG_IRQHandler
                0x080008f8                TIM2_IRQHandler
                0x080008f8                OTG_FS_WKUP_IRQHandler
                0x080008f8                TIM1_TRG_COM_TIM11_IRQHandler
                0x080008f8                OTG_HS_IRQHandler
                0x080008f8                EXTI1_IRQHandler
                0x080008f8                USART2_IRQHandler
                0x080008f8                I2C2_ER_IRQHandler
                0x080008f8                DMA2_Stream1_IRQHandler
                0x080008f8                CAN1_SCE_IRQHandler
                0x080008f8                DMA2_Stream4_IRQHandler
                0x080008f8                BusFault_Handler
                0x080008f8                USART1_IRQHandler
                0x080008f8                OTG_FS_IRQHandler
                0x080008f8                SPI3_IRQHandler
                0x080008f8                DMA1_Stream4_IRQHandler
                0x080008f8                I2C1_ER_IRQHandler
                0x080008f8                DMA2_Stream6_IRQHandler
                0x080008f8                RTC_Alarm_IRQHandler
 *fill*         0x080008fa        0x2 
 .text.sprintf  0x080008fc       0x40 /Users/cherikiansh/Desktop/STM32CubeIDE.app/Contents/Eclipse/plugins/com.st.stm32cube.ide.mcu.externaltools.gnu-tools-for-stm32.12.3.rel1.macos64_1.0.100.202403111906/tools/bin/../lib/gcc/arm-none-eabi/12.3.1/../../../../arm-none-eabi/lib/thumb/v7e-m/nofp/libc_nano.a(libc_a-sprintf.o)
                0x080008fc                sprintf
                0x080008fc                siprintf
 .text.__errno  0x0800093c        0xc /Users/cherikiansh/Desktop/STM32CubeIDE.app/Contents/Eclipse/plugins/com.st.stm32cube.ide.mcu.externaltools.gnu-tools-for-stm32.12.3.rel1.macos64_1.0.100.202403111906/tools/bin/../lib/gcc/arm-none-eabi/12.3.1/../../../../arm-none-eabi/lib/thumb/v7e-m/nofp/libc_nano.a(libc_a-errno.o)
                0x0800093c                __errno
 .text.__libc_init_array
                0x08000948       0x48 /Users/cherikiansh/Desktop/STM32CubeIDE.app/Contents/Eclipse/plugins/com.st.stm32cube.ide.mcu.externaltools.gnu-tools-for-stm32.12.3.rel1.macos64_1.0.100.202403111906/tools/bin/../lib/gcc/arm-none-eabi/12.3.1/../../../../arm-none-eabi/lib/thumb/v7e-m/nofp/libc_nano.a(libc_a-init.o)
                0x08000948                __libc_init_array
 .text.__retarget_lock_acquire_recursive
                0x08000990        0x2 /Users/cherikiansh/Desktop/STM32CubeIDE.app/Contents/Eclipse/plugins/com.st.stm32cube.ide.mcu.externaltools.gnu-tools-for-stm32.12.3.rel1.macos64_1.0.100.202403111906/tools/bin/../lib/gcc/arm-none-eabi/12.3.1/../../../../arm-none-eabi/lib/thumb/v7e-m/nofp/libc_nano.a(libc_a-lock.o)
                0x08000990                __retarget_lock_acquire_recursive
 .text.__retarget_lock_release_recursive
                0x08000992        0x2 /Users/cherikiansh/Desktop/STM32CubeIDE.app/Contents/Eclipse/plugins/com.st.stm32cube.ide.mcu.externaltools.gnu-tools-for-stm32.12.3.rel1.macos64_1.0.100.202403111906/tools/bin/../lib/gcc/arm-none-eabi/12.3.1/../../../../arm-none-eabi/lib/thumb/v7e-m/nofp/libc_nano.a(libc_a-lock.o)
                0x08000992                __retarget_lock_release_recursive
 .text.__ssputs_r
                0x08000994       0xb6 /Users/cherikiansh/Desktop/STM32CubeIDE.app/Contents/Eclipse/plugins/com.st.stm32cube.ide.mcu.externaltools.gnu-tools-for-stm32.12.3.rel1.macos64_1.0.100.202403111906/tools/bin/../lib/gcc/arm-none-eabi/12.3.1/../../../../arm-none-eabi/lib/thumb/v7e-m/nofp/libc_nano.a(libc_a-nano-svfprintf.o)
                0x08000994                __ssputs_r
 *fill*         0x08000a4a        0x2 
 .text._svfprintf_r
                0x08000a4c      0x1f8 /Users/cherikiansh/Desktop/STM32CubeIDE.app/Contents/Eclipse/plugins/com.st.stm32cube.ide.mcu.externaltools.gnu-tools-for-stm32.12.3.rel1.macos64_1.0.100.202403111906/tools/bin/../lib/gcc/arm-none-eabi/12.3.1/../../../../arm-none-eabi/lib/thumb/v7e-m/nofp/libc_nano.a(libc_a-nano-svfprintf.o)
                0x08000a4c                _svfprintf_r
                0x08000a4c                _svfiprintf_r
 .text.sbrk_aligned
                0x08000c44       0x44 /Users/cherikiansh/Desktop/STM32CubeIDE.app/Contents/Eclipse/plugins/com.st.stm32cube.ide.mcu.externaltools.gnu-tools-for-stm32.12.3.rel1.macos64_1.0.100.202403111906/tools/bin/../lib/gcc/arm-none-eabi/12.3.1/../../../../arm-none-eabi/lib/thumb/v7e-m/nofp/libc_nano.a(libc_a-mallocr.o)
 .text._malloc_r
                0x08000c88      0x100 /Users/cherikiansh/Desktop/STM32CubeIDE.app/Contents/Eclipse/plugins/com.st.stm32cube.ide.mcu.externaltools.gnu-tools-for-stm32.12.3.rel1.macos64_1.0.100.202403111906/tools/bin/../lib/gcc/arm-none-eabi/12.3.1/../../../../arm-none-eabi/lib/thumb/v7e-m/nofp/libc_nano.a(libc_a-mallocr.o)
                0x08000c88                _malloc_r
 .text._printf_common
                0x08000d88       0xda /Users/cherikiansh/Desktop/STM32CubeIDE.app/Contents/Eclipse/plugins/com.st.stm32cube.ide.mcu.externaltools.gnu-tools-for-stm32.12.3.rel1.macos64_1.0.100.202403111906/tools/bin/../lib/gcc/arm-none-eabi/12.3.1/../../../../arm-none-eabi/lib/thumb/v7e-m/nofp/libc_nano.a(libc_a-nano-vfprintf_i.o)
                0x08000d88                _printf_common
 *fill*         0x08000e62        0x2 
 .text._printf_i
                0x08000e64      0x240 /Users/cherikiansh/Desktop/STM32CubeIDE.app/Contents/Eclipse/plugins/com.st.stm32cube.ide.mcu.externaltools.gnu-tools-for-stm32.12.3.rel1.macos64_1.0.100.202403111906/tools/bin/../lib/gcc/arm-none-eabi/12.3.1/../../../../arm-none-eabi/lib/thumb/v7e-m/nofp/libc_nano.a(libc_a-nano-vfprintf_i.o)
                0x08000e64                _printf_i
 .text.__malloc_lock
                0x080010a4        0xc /Users/cherikiansh/Desktop/STM32CubeIDE.app/Contents/Eclipse/plugins/com.st.stm32cube.ide.mcu.externaltools.gnu-tools-for-stm32.12.3.rel1.macos64_1.0.100.202403111906/tools/bin/../lib/gcc/arm-none-eabi/12.3.1/../../../../arm-none-eabi/lib/thumb/v7e-m/nofp/libc_nano.a(libc_a-mlock.o)
                0x080010a4                __malloc_lock
 .text.__malloc_unlock
                0x080010b0        0xc /Users/cherikiansh/Desktop/STM32CubeIDE.app/Contents/Eclipse/plugins/com.st.stm32cube.ide.mcu.externaltools.gnu-tools-for-stm32.12.3.rel1.macos64_1.0.100.202403111906/tools/bin/../lib/gcc/arm-none-eabi/12.3.1/../../../../arm-none-eabi/lib/thumb/v7e-m/nofp/libc_nano.a(libc_a-mlock.o)
                0x080010b0                __malloc_unlock
 .text._realloc_r
                0x080010bc       0x5c /Users/cherikiansh/Desktop/STM32CubeIDE.app/Contents/Eclipse/plugins/com.st.stm32cube.ide.mcu.externaltools.gnu-tools-for-stm32.12.3.rel1.macos64_1.0.100.202403111906/tools/bin/../lib/gcc/arm-none-eabi/12.3.1/../../../../arm-none-eabi/lib/thumb/v7e-m/nofp/libc_nano.a(libc_a-reallocr.o)
                0x080010bc                _realloc_r
 .text.memmove  0x08001118       0x34 /Users/cherikiansh/Desktop/STM32CubeIDE.app/Contents/Eclipse/plugins/com.st.stm32cube.ide.mcu.externaltools.gnu-tools-for-stm32.12.3.rel1.macos64_1.0.100.202403111906/tools/bin/../lib/gcc/arm-none-eabi/12.3.1/../../../../arm-none-eabi/lib/thumb/v7e-m/nofp/libc_nano.a(libc_a-memmove.o)
                0x08001118                memmove
 .text._sbrk_r  0x0800114c       0x20 /Users/cherikiansh/Desktop/STM32CubeIDE.app/Contents/Eclipse/plugins/com.st.stm32cube.ide.mcu.externaltools.gnu-tools-for-stm32.12.3.rel1.macos64_1.0.100.202403111906/tools/bin/../lib/gcc/arm-none-eabi/12.3.1/../../../../arm-none-eabi/lib/thumb/v7e-m/nofp/libc_nano.a(libc_a-sbrkr.o)
                0x0800114c                _sbrk_r
 .text.memcpy   0x0800116c       0x1c /Users/cherikiansh/Desktop/STM32CubeIDE.app/Contents/Eclipse/plugins/com.st.stm32cube.ide.mcu.externaltools.gnu-tools-for-stm32.12.3.rel1.macos64_1.0.100.202403111906/tools/bin/../lib/gcc/arm-none-eabi/12.3.1/../../../../arm-none-eabi/lib/thumb/v7e-m/nofp/libc_nano.a(libc_a-memcpy-stub.o)
                0x0800116c                memcpy
 .text._free_r  0x08001188       0x94 /Users/cherikiansh/Desktop/STM32CubeIDE.app/Contents/Eclipse/plugins/com.st.stm32cube.ide.mcu.externaltools.gnu-tools-for-stm32.12.3.rel1.macos64_1.0.100.202403111906/tools/bin/../lib/gcc/arm-none-eabi/12.3.1/../../../../arm-none-eabi/lib/thumb/v7e-m/nofp/libc_nano.a(libc_a-freer.o)
                0x08001188                _free_r
 .text._malloc_usable_size_r
                0x0800121c       0x10 /Users/cherikiansh/Desktop/STM32CubeIDE.app/Contents/Eclipse/plugins/com.st.stm32cube.ide.mcu.externaltools.gnu-tools-for-stm32.12.3.rel1.macos64_1.0.100.202403111906/tools/bin/../lib/gcc/arm-none-eabi/12.3.1/../../../../arm-none-eabi/lib/thumb/v7e-m/nofp/libc_nano.a(libc_a-msizer.o)
                0x0800121c                _malloc_usable_size_r
 *(.glue_7)
 .glue_7        0x0800122c        0x0 linker stubs
 *(.glue_7t)
 .glue_7t       0x0800122c        0x0 linker stubs
 *(.eh_frame)
 .eh_frame      0x0800122c        0x0 /Users/cherikiansh/Desktop/STM32CubeIDE.app/Contents/Eclipse/plugins/com.st.stm32cube.ide.mcu.externaltools.gnu-tools-for-stm32.12.3.rel1.macos64_1.0.100.202403111906/tools/bin/../lib/gcc/arm-none-eabi/12.3.1/thumb/v7e-m/nofp/crtbegin.o
 *(.init)
 .init          0x0800122c        0x4 /Users/cherikiansh/Desktop/STM32CubeIDE.app/Contents/Eclipse/plugins/com.st.stm32cube.ide.mcu.externaltools.gnu-tools-for-stm32.12.3.rel1.macos64_1.0.100.202403111906/tools/bin/../lib/gcc/arm-none-eabi/12.3.1/thumb/v7e-m/nofp/crti.o
                0x0800122c                _init
 .init          0x08001230        0x8 /Users/cherikiansh/Desktop/STM32CubeIDE.app/Contents/Eclipse/plugins/com.st.stm32cube.ide.mcu.externaltools.gnu-tools-for-stm32.12.3.rel1.macos64_1.0.100.202403111906/tools/bin/../lib/gcc/arm-none-eabi/12.3.1/thumb/v7e-m/nofp/crtn.o
 *(.fini)
 .fini          0x08001238        0x4 /Users/cherikiansh/Desktop/STM32CubeIDE.app/Contents/Eclipse/plugins/com.st.stm32cube.ide.mcu.externaltools.gnu-tools-for-stm32.12.3.rel1.macos64_1.0.100.202403111906/tools/bin/../lib/gcc/arm-none-eabi/12.3.1/thumb/v7e-m/nofp/crti.o
                0x08001238                _fini
 .fini          0x0800123c        0x8 /Users/cherikiansh/Desktop/STM32CubeIDE.app/Contents/Eclipse/plugins/com.st.stm32cube.ide.mcu.externaltools.gnu-tools-for-stm32.12.3.rel1.macos64_1.0.100.202403111906/tools/bin/../lib/gcc/arm-none-eabi/12.3.1/thumb/v7e-m/nofp/crtn.o
                0x08001244                        . = ALIGN (0x4)
                0x08001244                        _etext = .

.vfp11_veneer   0x08001244        0x0
 .vfp11_veneer  0x08001244        0x0 linker stubs

.v4_bx          0x08001244        0x0
 .v4_bx         0x08001244        0x0 linker stubs

.iplt           0x08001244        0x0
 .iplt          0x08001244        0x0 /Users/cherikiansh/Desktop/STM32CubeIDE.app/Contents/Eclipse/plugins/com.st.stm32cube.ide.mcu.externaltools.gnu-tools-for-stm32.12.3.rel1.macos64_1.0.100.202403111906/tools/bin/../lib/gcc/arm-none-eabi/12.3.1/thumb/v7e-m/nofp/crtbegin.o

.rodata         0x08001244       0x48
                0x08001244                        . = ALIGN (0x4)
 *(.rodata)
 .rodata        0x08001244       0x13 ./Src/main.o
 *(.rodata*)
 .rodata._svfprintf_r.str1.1
                0x08001257       0x11 /Users/cherikiansh/Desktop/STM32CubeIDE.app/Contents/Eclipse/plugins/com.st.stm32cube.ide.mcu.externaltools.gnu-tools-for-stm32.12.3.rel1.macos64_1.0.100.202403111906/tools/bin/../lib/gcc/arm-none-eabi/12.3.1/../../../../arm-none-eabi/lib/thumb/v7e-m/nofp/libc_nano.a(libc_a-nano-svfprintf.o)
 .rodata._printf_i.str1.1
                0x08001268       0x22 /Users/cherikiansh/Desktop/STM32CubeIDE.app/Contents/Eclipse/plugins/com.st.stm32cube.ide.mcu.externaltools.gnu-tools-for-stm32.12.3.rel1.macos64_1.0.100.202403111906/tools/bin/../lib/gcc/arm-none-eabi/12.3.1/../../../../arm-none-eabi/lib/thumb/v7e-m/nofp/libc_nano.a(libc_a-nano-vfprintf_i.o)
                0x0800128c                        . = ALIGN (0x4)
 *fill*         0x0800128a        0x2 

.ARM.extab      0x0800128c        0x0
                0x0800128c                        . = ALIGN (0x4)
 *(.ARM.extab* .gnu.linkonce.armextab.*)
                0x0800128c                        . = ALIGN (0x4)

.ARM            0x0800128c        0x8
                0x0800128c                        . = ALIGN (0x4)
                0x0800128c                        __exidx_start = .
 *(.ARM.exidx*)
 .ARM.exidx     0x0800128c        0x8 /Users/cherikiansh/Desktop/STM32CubeIDE.app/Contents/Eclipse/plugins/com.st.stm32cube.ide.mcu.externaltools.gnu-tools-for-stm32.12.3.rel1.macos64_1.0.100.202403111906/tools/bin/../lib/gcc/arm-none-eabi/12.3.1/../../../../arm-none-eabi/lib/thumb/v7e-m/nofp/libc_nano.a(libc_a-memchr.o)
                0x08001294                        __exidx_end = .
                0x08001294                        . = ALIGN (0x4)

.preinit_array  0x08001294        0x0
                0x08001294                        . = ALIGN (0x4)
                0x08001294                        PROVIDE (__preinit_array_start = .)
 *(.preinit_array*)
                0x08001294                        PROVIDE (__preinit_array_end = .)
                0x08001294                        . = ALIGN (0x4)

.init_array     0x08001294        0x4
                0x08001294                        . = ALIGN (0x4)
                0x08001294                        PROVIDE (__init_array_start = .)
 *(SORT_BY_NAME(.init_array.*))
 *(.init_array*)
 .init_array    0x08001294        0x4 /Users/cherikiansh/Desktop/STM32CubeIDE.app/Contents/Eclipse/plugins/com.st.stm32cube.ide.mcu.externaltools.gnu-tools-for-stm32.12.3.rel1.macos64_1.0.100.202403111906/tools/bin/../lib/gcc/arm-none-eabi/12.3.1/thumb/v7e-m/nofp/crtbegin.o
                0x08001298                        PROVIDE (__init_array_end = .)
                0x08001298                        . = ALIGN (0x4)

.fini_array     0x08001298        0x4
                0x08001298                        . = ALIGN (0x4)
                [!provide]                        PROVIDE (__fini_array_start = .)
 *(SORT_BY_NAME(.fini_array.*))
 *(.fini_array*)
 .fini_array    0x08001298        0x4 /Users/cherikiansh/Desktop/STM32CubeIDE.app/Contents/Eclipse/plugins/com.st.stm32cube.ide.mcu.externaltools.gnu-tools-for-stm32.12.3.rel1.macos64_1.0.100.202403111906/tools/bin/../lib/gcc/arm-none-eabi/12.3.1/thumb/v7e-m/nofp/crtbegin.o
                [!provide]                        PROVIDE (__fini_array_end = .)
                0x0800129c                        . = ALIGN (0x4)
                0x0800129c                        _sidata = LOADADDR (.data)

.rel.dyn        0x0800129c        0x0
 .rel.iplt      0x0800129c        0x0 /Users/cherikiansh/Desktop/STM32CubeIDE.app/Contents/Eclipse/plugins/com.st.stm32cube.ide.mcu.externaltools.gnu-tools-for-stm32.12.3.rel1.macos64_1.0.100.202403111906/tools/bin/../lib/gcc/arm-none-eabi/12.3.1/thumb/v7e-m/nofp/crtbegin.o

.data           0x20000000       0x54 load address 0x0800129c
                0x20000000                        . = ALIGN (0x4)
                0x20000000                        _sdata = .
 *(.data)
 *(.data*)
 .data.SystemCoreClock
                0x20000000        0x4 ./Src/system_stm32f4xx.o
                0x20000000                SystemCoreClock
 .data._impure_ptr
                0x20000004        0x4 /Users/cherikiansh/Desktop/STM32CubeIDE.app/Contents/Eclipse/plugins/com.st.stm32cube.ide.mcu.externaltools.gnu-tools-for-stm32.12.3.rel1.macos64_1.0.100.202403111906/tools/bin/../lib/gcc/arm-none-eabi/12.3.1/../../../../arm-none-eabi/lib/thumb/v7e-m/nofp/libc_nano.a(libc_a-impure.o)
                0x20000004                _impure_ptr
 .data._impure_data
                0x20000008       0x4c /Users/cherikiansh/Desktop/STM32CubeIDE.app/Contents/Eclipse/plugins/com.st.stm32cube.ide.mcu.externaltools.gnu-tools-for-stm32.12.3.rel1.macos64_1.0.100.202403111906/tools/bin/../lib/gcc/arm-none-eabi/12.3.1/../../../../arm-none-eabi/lib/thumb/v7e-m/nofp/libc_nano.a(libc_a-impure.o)
                0x20000008                _impure_data
 *(.RamFunc)
 *(.RamFunc*)
                0x20000054                        . = ALIGN (0x4)
                0x20000054                        _edata = .
                0x080012f0                        _siccmram = LOADADDR (.ccmram)

.igot.plt       0x20000054        0x0 load address 0x080012f0
 .igot.plt      0x20000054        0x0 /Users/cherikiansh/Desktop/STM32CubeIDE.app/Contents/Eclipse/plugins/com.st.stm32cube.ide.mcu.externaltools.gnu-tools-for-stm32.12.3.rel1.macos64_1.0.100.202403111906/tools/bin/../lib/gcc/arm-none-eabi/12.3.1/thumb/v7e-m/nofp/crtbegin.o

.ccmram         0x10000000        0x0 load address 0x080012f0
                0x10000000                        . = ALIGN (0x4)
                0x10000000                        _sccmram = .
 *(.ccmram)
 *(.ccmram*)
                0x10000000                        . = ALIGN (0x4)
                0x10000000                        _eccmram = .
                0x10000000                        . = ALIGN (0x4)

.bss            0x20000054      0x16c
                0x20000054                        _sbss = .
                0x20000054                        __bss_start__ = _sbss
 *(.bss)
 .bss           0x20000054       0x1c /Users/cherikiansh/Desktop/STM32CubeIDE.app/Contents/Eclipse/plugins/com.st.stm32cube.ide.mcu.externaltools.gnu-tools-for-stm32.12.3.rel1.macos64_1.0.100.202403111906/tools/bin/../lib/gcc/arm-none-eabi/12.3.1/thumb/v7e-m/nofp/crtbegin.o
 *(.bss*)
 .bss.exti0_flag
                0x20000070        0x4 ./Src/SWITCH.o
                0x20000070                exti0_flag
 .bss.__sbrk_heap_end
                0x20000074        0x4 ./Src/sysmem.o
 .bss.__sf      0x20000078      0x138 /Users/cherikiansh/Desktop/STM32CubeIDE.app/Contents/Eclipse/plugins/com.st.stm32cube.ide.mcu.externaltools.gnu-tools-for-stm32.12.3.rel1.macos64_1.0.100.202403111906/tools/bin/../lib/gcc/arm-none-eabi/12.3.1/../../../../arm-none-eabi/lib/thumb/v7e-m/nofp/libc_nano.a(libc_a-findfp.o)
                0x20000078                __sf
 .bss.__lock___malloc_recursive_mutex
                0x200001b0        0x1 /Users/cherikiansh/Desktop/STM32CubeIDE.app/Contents/Eclipse/plugins/com.st.stm32cube.ide.mcu.externaltools.gnu-tools-for-stm32.12.3.rel1.macos64_1.0.100.202403111906/tools/bin/../lib/gcc/arm-none-eabi/12.3.1/../../../../arm-none-eabi/lib/thumb/v7e-m/nofp/libc_nano.a(libc_a-lock.o)
                0x200001b0                __lock___malloc_recursive_mutex
 *fill*         0x200001b1        0x3 
 .bss.__malloc_sbrk_start
                0x200001b4        0x4 /Users/cherikiansh/Desktop/STM32CubeIDE.app/Contents/Eclipse/plugins/com.st.stm32cube.ide.mcu.externaltools.gnu-tools-for-stm32.12.3.rel1.macos64_1.0.100.202403111906/tools/bin/../lib/gcc/arm-none-eabi/12.3.1/../../../../arm-none-eabi/lib/thumb/v7e-m/nofp/libc_nano.a(libc_a-mallocr.o)
                0x200001b4                __malloc_sbrk_start
 .bss.__malloc_free_list
                0x200001b8        0x4 /Users/cherikiansh/Desktop/STM32CubeIDE.app/Contents/Eclipse/plugins/com.st.stm32cube.ide.mcu.externaltools.gnu-tools-for-stm32.12.3.rel1.macos64_1.0.100.202403111906/tools/bin/../lib/gcc/arm-none-eabi/12.3.1/../../../../arm-none-eabi/lib/thumb/v7e-m/nofp/libc_nano.a(libc_a-mallocr.o)
                0x200001b8                __malloc_free_list
 .bss.errno     0x200001bc        0x4 /Users/cherikiansh/Desktop/STM32CubeIDE.app/Contents/Eclipse/plugins/com.st.stm32cube.ide.mcu.externaltools.gnu-tools-for-stm32.12.3.rel1.macos64_1.0.100.202403111906/tools/bin/../lib/gcc/arm-none-eabi/12.3.1/../../../../arm-none-eabi/lib/thumb/v7e-m/nofp/libc_nano.a(libc_a-reent.o)
                0x200001bc                errno
 *(COMMON)
                0x200001c0                        . = ALIGN (0x4)
                0x200001c0                        _ebss = .
                0x200001c0                        __bss_end__ = _ebss

._user_heap_stack
                0x200001c0      0x600
                0x200001c0                        . = ALIGN (0x8)
                [!provide]                        PROVIDE (end = .)
                0x200001c0                        PROVIDE (_end = .)
                0x200003c0                        . = (. + _Min_Heap_Size)
 *fill*         0x200001c0      0x200 
                0x200007c0                        . = (. + _Min_Stack_Size)
 *fill*         0x200003c0      0x400 
                0x200007c0                        . = ALIGN (0x8)

/DISCARD/
 libc.a(*)
 libm.a(*)
 libgcc.a(*)

.ARM.attributes
                0x00000000       0x2a
 *(.ARM.attributes)
 .ARM.attributes
                0x00000000       0x1e /Users/cherikiansh/Desktop/STM32CubeIDE.app/Contents/Eclipse/plugins/com.st.stm32cube.ide.mcu.externaltools.gnu-tools-for-stm32.12.3.rel1.macos64_1.0.100.202403111906/tools/bin/../lib/gcc/arm-none-eabi/12.3.1/thumb/v7e-m/nofp/crti.o
 .ARM.attributes
                0x0000001e       0x2e /Users/cherikiansh/Desktop/STM32CubeIDE.app/Contents/Eclipse/plugins/com.st.stm32cube.ide.mcu.externaltools.gnu-tools-for-stm32.12.3.rel1.macos64_1.0.100.202403111906/tools/bin/../lib/gcc/arm-none-eabi/12.3.1/thumb/v7e-m/nofp/crtbegin.o
 .ARM.attributes
                0x0000004c       0x2e ./Src/SWITCH.o
 .ARM.attributes
                0x0000007a       0x2e ./Src/lcd.o
 .ARM.attributes
                0x000000a8       0x2e ./Src/led.o
 .ARM.attributes
                0x000000d6       0x2e ./Src/main.o
 .ARM.attributes
                0x00000104       0x2e ./Src/sysmem.o
 .ARM.attributes
                0x00000132       0x2e ./Src/system_stm32f4xx.o
 .ARM.attributes
                0x00000160       0x21 ./Startup/startup_stm32f407vgtx.o
 .ARM.attributes
                0x00000181       0x2e /Users/cherikiansh/Desktop/STM32CubeIDE.app/Contents/Eclipse/plugins/com.st.stm32cube.ide.mcu.externaltools.gnu-tools-for-stm32.12.3.rel1.macos64_1.0.100.202403111906/tools/bin/../lib/gcc/arm-none-eabi/12.3.1/../../../../arm-none-eabi/lib/thumb/v7e-m/nofp/libc_nano.a(libc_a-sprintf.o)
 .ARM.attributes
                0x000001af       0x2e /Users/cherikiansh/Desktop/STM32CubeIDE.app/Contents/Eclipse/plugins/com.st.stm32cube.ide.mcu.externaltools.gnu-tools-for-stm32.12.3.rel1.macos64_1.0.100.202403111906/tools/bin/../lib/gcc/arm-none-eabi/12.3.1/../../../../arm-none-eabi/lib/thumb/v7e-m/nofp/libc_nano.a(libc_a-findfp.o)
 .ARM.attributes
                0x000001dd       0x2e /Users/cherikiansh/Desktop/STM32CubeIDE.app/Contents/Eclipse/plugins/com.st.stm32cube.ide.mcu.externaltools.gnu-tools-for-stm32.12.3.rel1.macos64_1.0.100.202403111906/tools/bin/../lib/gcc/arm-none-eabi/12.3.1/../../../../arm-none-eabi/lib/thumb/v7e-m/nofp/libc_nano.a(libc_a-impure.o)
 .ARM.attributes
                0x0000020b       0x2e /Users/cherikiansh/Desktop/STM32CubeIDE.app/Contents/Eclipse/plugins/com.st.stm32cube.ide.mcu.externaltools.gnu-tools-for-stm32.12.3.rel1.macos64_1.0.100.202403111906/tools/bin/../lib/gcc/arm-none-eabi/12.3.1/../../../../arm-none-eabi/lib/thumb/v7e-m/nofp/libc_nano.a(libc_a-errno.o)
 .ARM.attributes
                0x00000239       0x2e /Users/cherikiansh/Desktop/STM32CubeIDE.app/Contents/Eclipse/plugins/com.st.stm32cube.ide.mcu.externaltools.gnu-tools-for-stm32.12.3.rel1.macos64_1.0.100.202403111906/tools/bin/../lib/gcc/arm-none-eabi/12.3.1/../../../../arm-none-eabi/lib/thumb/v7e-m/nofp/libc_nano.a(libc_a-init.o)
 .ARM.attributes
                0x00000267       0x2e /Users/cherikiansh/Desktop/STM32CubeIDE.app/Contents/Eclipse/plugins/com.st.stm32cube.ide.mcu.externaltools.gnu-tools-for-stm32.12.3.rel1.macos64_1.0.100.202403111906/tools/bin/../lib/gcc/arm-none-eabi/12.3.1/../../../../arm-none-eabi/lib/thumb/v7e-m/nofp/libc_nano.a(libc_a-lock.o)
 .ARM.attributes
                0x00000295       0x2e /Users/cherikiansh/Desktop/STM32CubeIDE.app/Contents/Eclipse/plugins/com.st.stm32cube.ide.mcu.externaltools.gnu-tools-for-stm32.12.3.rel1.macos64_1.0.100.202403111906/tools/bin/../lib/gcc/arm-none-eabi/12.3.1/../../../../arm-none-eabi/lib/thumb/v7e-m/nofp/libc_nano.a(libc_a-nano-svfprintf.o)
 .ARM.attributes
                0x000002c3       0x2e /Users/cherikiansh/Desktop/STM32CubeIDE.app/Contents/Eclipse/plugins/com.st.stm32cube.ide.mcu.externaltools.gnu-tools-for-stm32.12.3.rel1.macos64_1.0.100.202403111906/tools/bin/../lib/gcc/arm-none-eabi/12.3.1/../../../../arm-none-eabi/lib/thumb/v7e-m/nofp/libc_nano.a(libc_a-mallocr.o)
 .ARM.attributes
                0x000002f1       0x2e /Users/cherikiansh/Desktop/STM32CubeIDE.app/Contents/Eclipse/plugins/com.st.stm32cube.ide.mcu.externaltools.gnu-tools-for-stm32.12.3.rel1.macos64_1.0.100.202403111906/tools/bin/../lib/gcc/arm-none-eabi/12.3.1/../../../../arm-none-eabi/lib/thumb/v7e-m/nofp/libc_nano.a(libc_a-nano-vfprintf_i.o)
 .ARM.attributes
                0x0000031f       0x2e /Users/cherikiansh/Desktop/STM32CubeIDE.app/Contents/Eclipse/plugins/com.st.stm32cube.ide.mcu.externaltools.gnu-tools-for-stm32.12.3.rel1.macos64_1.0.100.202403111906/tools/bin/../lib/gcc/arm-none-eabi/12.3.1/../../../../arm-none-eabi/lib/thumb/v7e-m/nofp/libc_nano.a(libc_a-mlock.o)
 .ARM.attributes
                0x0000034d       0x2e /Users/cherikiansh/Desktop/STM32CubeIDE.app/Contents/Eclipse/plugins/com.st.stm32cube.ide.mcu.externaltools.gnu-tools-for-stm32.12.3.rel1.macos64_1.0.100.202403111906/tools/bin/../lib/gcc/arm-none-eabi/12.3.1/../../../../arm-none-eabi/lib/thumb/v7e-m/nofp/libc_nano.a(libc_a-reallocr.o)
 .ARM.attributes
                0x0000037b       0x2e /Users/cherikiansh/Desktop/STM32CubeIDE.app/Contents/Eclipse/plugins/com.st.stm32cube.ide.mcu.externaltools.gnu-tools-for-stm32.12.3.rel1.macos64_1.0.100.202403111906/tools/bin/../lib/gcc/arm-none-eabi/12.3.1/../../../../arm-none-eabi/lib/thumb/v7e-m/nofp/libc_nano.a(libc_a-memmove.o)
 .ARM.attributes
                0x000003a9       0x2e /Users/cherikiansh/Desktop/STM32CubeIDE.app/Contents/Eclipse/plugins/com.st.stm32cube.ide.mcu.externaltools.gnu-tools-for-stm32.12.3.rel1.macos64_1.0.100.202403111906/tools/bin/../lib/gcc/arm-none-eabi/12.3.1/../../../../arm-none-eabi/lib/thumb/v7e-m/nofp/libc_nano.a(libc_a-reent.o)
 .ARM.attributes
                0x000003d7       0x2e /Users/cherikiansh/Desktop/STM32CubeIDE.app/Contents/Eclipse/plugins/com.st.stm32cube.ide.mcu.externaltools.gnu-tools-for-stm32.12.3.rel1.macos64_1.0.100.202403111906/tools/bin/../lib/gcc/arm-none-eabi/12.3.1/../../../../arm-none-eabi/lib/thumb/v7e-m/nofp/libc_nano.a(libc_a-sbrkr.o)
 .ARM.attributes
                0x00000405       0x1c /Users/cherikiansh/Desktop/STM32CubeIDE.app/Contents/Eclipse/plugins/com.st.stm32cube.ide.mcu.externaltools.gnu-tools-for-stm32.12.3.rel1.macos64_1.0.100.202403111906/tools/bin/../lib/gcc/arm-none-eabi/12.3.1/../../../../arm-none-eabi/lib/thumb/v7e-m/nofp/libc_nano.a(libc_a-memchr.o)
 .ARM.attributes
                0x00000421       0x2e /Users/cherikiansh/Desktop/STM32CubeIDE.app/Contents/Eclipse/plugins/com.st.stm32cube.ide.mcu.externaltools.gnu-tools-for-stm32.12.3.rel1.macos64_1.0.100.202403111906/tools/bin/../lib/gcc/arm-none-eabi/12.3.1/../../../../arm-none-eabi/lib/thumb/v7e-m/nofp/libc_nano.a(libc_a-memcpy-stub.o)
 .ARM.attributes
                0x0000044f       0x2e /Users/cherikiansh/Desktop/STM32CubeIDE.app/Contents/Eclipse/plugins/com.st.stm32cube.ide.mcu.externaltools.gnu-tools-for-stm32.12.3.rel1.macos64_1.0.100.202403111906/tools/bin/../lib/gcc/arm-none-eabi/12.3.1/../../../../arm-none-eabi/lib/thumb/v7e-m/nofp/libc_nano.a(libc_a-freer.o)
 .ARM.attributes
                0x0000047d       0x2e /Users/cherikiansh/Desktop/STM32CubeIDE.app/Contents/Eclipse/plugins/com.st.stm32cube.ide.mcu.externaltools.gnu-tools-for-stm32.12.3.rel1.macos64_1.0.100.202403111906/tools/bin/../lib/gcc/arm-none-eabi/12.3.1/../../../../arm-none-eabi/lib/thumb/v7e-m/nofp/libc_nano.a(libc_a-msizer.o)
 .ARM.attributes
                0x000004ab       0x1e /Users/cherikiansh/Desktop/STM32CubeIDE.app/Contents/Eclipse/plugins/com.st.stm32cube.ide.mcu.externaltools.gnu-tools-for-stm32.12.3.rel1.macos64_1.0.100.202403111906/tools/bin/../lib/gcc/arm-none-eabi/12.3.1/thumb/v7e-m/nofp/crtn.o
OUTPUT(Day6_A1.elf elf32-littlearm)
LOAD linker stubs
LOAD /Users/cherikiansh/Desktop/STM32CubeIDE.app/Contents/Eclipse/plugins/com.st.stm32cube.ide.mcu.externaltools.gnu-tools-for-stm32.12.3.rel1.macos64_1.0.100.202403111906/tools/bin/../lib/gcc/arm-none-eabi/12.3.1/../../../../arm-none-eabi/lib/thumb/v7e-m/nofp/libc.a
LOAD /Users/cherikiansh/Desktop/STM32CubeIDE.app/Contents/Eclipse/plugins/com.st.stm32cube.ide.mcu.externaltools.gnu-tools-for-stm32.12.3.rel1.macos64_1.0.100.202403111906/tools/bin/../lib/gcc/arm-none-eabi/12.3.1/../../../../arm-none-eabi/lib/thumb/v7e-m/nofp/libm.a
LOAD /Users/cherikiansh/Desktop/STM32CubeIDE.app/Contents/Eclipse/plugins/com.st.stm32cube.ide.mcu.externaltools.gnu-tools-for-stm32.12.3.rel1.macos64_1.0.100.202403111906/tools/bin/../lib/gcc/arm-none-eabi/12.3.1/thumb/v7e-m/nofp/libgcc.a

.debug_info     0x00000000     0x1b75
 .debug_info    0x00000000      0x800 ./Src/SWITCH.o
 .debug_info    0x00000800      0x5c9 ./Src/lcd.o
 .debug_info    0x00000dc9      0x54c ./Src/led.o
 .debug_info    0x00001315      0x18c ./Src/main.o
 .debug_info    0x000014a1      0x168 ./Src/sysmem.o
 .debug_info    0x00001609      0x53c ./Src/system_stm32f4xx.o
 .debug_info    0x00001b45       0x30 ./Startup/startup_stm32f407vgtx.o

.debug_abbrev   0x00000000      0x77d
 .debug_abbrev  0x00000000      0x1b7 ./Src/SWITCH.o
 .debug_abbrev  0x000001b7      0x168 ./Src/lcd.o
 .debug_abbrev  0x0000031f      0x135 ./Src/led.o
 .debug_abbrev  0x00000454       0xf1 ./Src/main.o
 .debug_abbrev  0x00000545       0xbc ./Src/sysmem.o
 .debug_abbrev  0x00000601      0x158 ./Src/system_stm32f4xx.o
 .debug_abbrev  0x00000759       0x24 ./Startup/startup_stm32f407vgtx.o

.debug_aranges  0x00000000      0x160
 .debug_aranges
                0x00000000       0x38 ./Src/SWITCH.o
 .debug_aranges
                0x00000038       0x48 ./Src/lcd.o
 .debug_aranges
                0x00000080       0x40 ./Src/led.o
 .debug_aranges
                0x000000c0       0x20 ./Src/main.o
 .debug_aranges
                0x000000e0       0x20 ./Src/sysmem.o
 .debug_aranges
                0x00000100       0x38 ./Src/system_stm32f4xx.o
 .debug_aranges
                0x00000138       0x28 ./Startup/startup_stm32f407vgtx.o

.debug_rnglists
                0x00000000       0xe9
 .debug_rnglists
                0x00000000       0x26 ./Src/SWITCH.o
 .debug_rnglists
                0x00000026       0x32 ./Src/lcd.o
 .debug_rnglists
                0x00000058       0x2c ./Src/led.o
 .debug_rnglists
                0x00000084       0x13 ./Src/main.o
 .debug_rnglists
                0x00000097       0x13 ./Src/sysmem.o
 .debug_rnglists
                0x000000aa       0x26 ./Src/system_stm32f4xx.o
 .debug_rnglists
                0x000000d0       0x19 ./Startup/startup_stm32f407vgtx.o

.debug_macro    0x00000000    0x19582
 .debug_macro   0x00000000       0xee ./Src/SWITCH.o
 .debug_macro   0x000000ee      0xab4 ./Src/SWITCH.o
 .debug_macro   0x00000ba2       0x2e ./Src/SWITCH.o
 .debug_macro   0x00000bd0       0x2f ./Src/SWITCH.o
 .debug_macro   0x00000bff       0x22 ./Src/SWITCH.o
 .debug_macro   0x00000c21       0x8e ./Src/SWITCH.o
 .debug_macro   0x00000caf       0x51 ./Src/SWITCH.o
 .debug_macro   0x00000d00      0x103 ./Src/SWITCH.o
 .debug_macro   0x00000e03       0x6a ./Src/SWITCH.o
 .debug_macro   0x00000e6d      0x1df ./Src/SWITCH.o
 .debug_macro   0x0000104c       0x1c ./Src/SWITCH.o
 .debug_macro   0x00001068       0x22 ./Src/SWITCH.o
 .debug_macro   0x0000108a       0xd9 ./Src/SWITCH.o
 .debug_macro   0x00001163     0x102d ./Src/SWITCH.o
 .debug_macro   0x00002190      0x11f ./Src/SWITCH.o
 .debug_macro   0x000022af       0x11 ./Src/SWITCH.o
 .debug_macro   0x000022c0    0x15e3c ./Src/SWITCH.o
 .debug_macro   0x000180fc       0x4a ./Src/SWITCH.o
 .debug_macro   0x00018146       0x16 ./Src/SWITCH.o
 .debug_macro   0x0001815c       0x2e ./Src/SWITCH.o
 .debug_macro   0x0001818a       0xac ./Src/SWITCH.o
 .debug_macro   0x00018236       0xee ./Src/lcd.o
 .debug_macro   0x00018324       0xa6 ./Src/lcd.o
 .debug_macro   0x000183ca       0x1c ./Src/lcd.o
 .debug_macro   0x000183e6       0xf2 ./Src/led.o
 .debug_macro   0x000184d8      0x1d3 ./Src/main.o
 .debug_macro   0x000186ab       0x61 ./Src/main.o
 .debug_macro   0x0001870c       0x24 ./Src/main.o
 .debug_macro   0x00018730       0x43 ./Src/main.o
 .debug_macro   0x00018773       0x34 ./Src/main.o
 .debug_macro   0x000187a7       0x16 ./Src/main.o
 .debug_macro   0x000187bd       0x9e ./Src/main.o
 .debug_macro   0x0001885b      0x369 ./Src/main.o
 .debug_macro   0x00018bc4      0x10b ./Src/main.o
 .debug_macro   0x00018ccf       0x10 ./Src/main.o
 .debug_macro   0x00018cdf       0x16 ./Src/main.o
 .debug_macro   0x00018cf5       0x43 ./Src/main.o
 .debug_macro   0x00018d38       0x34 ./Src/main.o
 .debug_macro   0x00018d6c       0x10 ./Src/main.o
 .debug_macro   0x00018d7c       0x58 ./Src/main.o
 .debug_macro   0x00018dd4       0x8e ./Src/main.o
 .debug_macro   0x00018e62       0x1c ./Src/main.o
 .debug_macro   0x00018e7e      0x177 ./Src/main.o
 .debug_macro   0x00018ff5       0x16 ./Src/main.o
 .debug_macro   0x0001900b       0x16 ./Src/main.o
 .debug_macro   0x00019021      0x146 ./Src/main.o
 .debug_macro   0x00019167       0xff ./Src/sysmem.o
 .debug_macro   0x00019266      0x23c ./Src/sysmem.o
 .debug_macro   0x000194a2       0xe0 ./Src/system_stm32f4xx.o

.debug_line     0x00000000     0x220a
 .debug_line    0x00000000      0x552 ./Src/SWITCH.o
 .debug_line    0x00000552      0x607 ./Src/lcd.o
 .debug_line    0x00000b59      0x571 ./Src/led.o
 .debug_line    0x000010ca      0x613 ./Src/main.o
 .debug_line    0x000016dd      0x558 ./Src/sysmem.o
 .debug_line    0x00001c35      0x55a ./Src/system_stm32f4xx.o
 .debug_line    0x0000218f       0x7b ./Startup/startup_stm32f407vgtx.o

.debug_str      0x00000000    0x8c407
 .debug_str     0x00000000    0x882d7 ./Src/SWITCH.o
                              0x8847e (size before relaxing)
 .debug_str     0x000882d7       0xf9 ./Src/lcd.o
                              0x87faa (size before relaxing)
 .debug_str     0x000883d0       0x31 ./Src/led.o
                              0x87f78 (size before relaxing)
 .debug_str     0x00088401     0x3a02 ./Src/main.o
                              0x8b825 (size before relaxing)
 .debug_str     0x0008be03      0x4d7 ./Src/sysmem.o
                               0x60a1 (size before relaxing)
 .debug_str     0x0008c2da       0xee ./Src/system_stm32f4xx.o
                              0x87dbe (size before relaxing)
 .debug_str     0x0008c3c8       0x3f ./Startup/startup_stm32f407vgtx.o
                                 0x7e (size before relaxing)

.comment        0x00000000       0x43
 .comment       0x00000000       0x43 ./Src/SWITCH.o
                                 0x44 (size before relaxing)
 .comment       0x00000043       0x44 ./Src/lcd.o
 .comment       0x00000043       0x44 ./Src/led.o
 .comment       0x00000043       0x44 ./Src/main.o
 .comment       0x00000043       0x44 ./Src/sysmem.o
 .comment       0x00000043       0x44 ./Src/system_stm32f4xx.o

.debug_frame    0x00000000      0x8ac
 .debug_frame   0x00000000       0xa4 ./Src/SWITCH.o
 .debug_frame   0x000000a4       0xe8 ./Src/lcd.o
 .debug_frame   0x0000018c       0xd4 ./Src/led.o
 .debug_frame   0x00000260       0x30 ./Src/main.o
 .debug_frame   0x00000290       0x34 ./Src/sysmem.o
 .debug_frame   0x000002c4       0x84 ./Src/system_stm32f4xx.o
 .debug_frame   0x00000348       0x6c /Users/cherikiansh/Desktop/STM32CubeIDE.app/Contents/Eclipse/plugins/com.st.stm32cube.ide.mcu.externaltools.gnu-tools-for-stm32.12.3.rel1.macos64_1.0.100.202403111906/tools/bin/../lib/gcc/arm-none-eabi/12.3.1/../../../../arm-none-eabi/lib/thumb/v7e-m/nofp/libc_nano.a(libc_a-sprintf.o)
 .debug_frame   0x000003b4      0x144 /Users/cherikiansh/Desktop/STM32CubeIDE.app/Contents/Eclipse/plugins/com.st.stm32cube.ide.mcu.externaltools.gnu-tools-for-stm32.12.3.rel1.macos64_1.0.100.202403111906/tools/bin/../lib/gcc/arm-none-eabi/12.3.1/../../../../arm-none-eabi/lib/thumb/v7e-m/nofp/libc_nano.a(libc_a-findfp.o)
 .debug_frame   0x000004f8       0x20 /Users/cherikiansh/Desktop/STM32CubeIDE.app/Contents/Eclipse/plugins/com.st.stm32cube.ide.mcu.externaltools.gnu-tools-for-stm32.12.3.rel1.macos64_1.0.100.202403111906/tools/bin/../lib/gcc/arm-none-eabi/12.3.1/../../../../arm-none-eabi/lib/thumb/v7e-m/nofp/libc_nano.a(libc_a-errno.o)
 .debug_frame   0x00000518       0x2c /Users/cherikiansh/Desktop/STM32CubeIDE.app/Contents/Eclipse/plugins/com.st.stm32cube.ide.mcu.externaltools.gnu-tools-for-stm32.12.3.rel1.macos64_1.0.100.202403111906/tools/bin/../lib/gcc/arm-none-eabi/12.3.1/../../../../arm-none-eabi/lib/thumb/v7e-m/nofp/libc_nano.a(libc_a-init.o)
 .debug_frame   0x00000544       0xb0 /Users/cherikiansh/Desktop/STM32CubeIDE.app/Contents/Eclipse/plugins/com.st.stm32cube.ide.mcu.externaltools.gnu-tools-for-stm32.12.3.rel1.macos64_1.0.100.202403111906/tools/bin/../lib/gcc/arm-none-eabi/12.3.1/../../../../arm-none-eabi/lib/thumb/v7e-m/nofp/libc_nano.a(libc_a-lock.o)
 .debug_frame   0x000005f4       0x90 /Users/cherikiansh/Desktop/STM32CubeIDE.app/Contents/Eclipse/plugins/com.st.stm32cube.ide.mcu.externaltools.gnu-tools-for-stm32.12.3.rel1.macos64_1.0.100.202403111906/tools/bin/../lib/gcc/arm-none-eabi/12.3.1/../../../../arm-none-eabi/lib/thumb/v7e-m/nofp/libc_nano.a(libc_a-nano-svfprintf.o)
 .debug_frame   0x00000684       0x50 /Users/cherikiansh/Desktop/STM32CubeIDE.app/Contents/Eclipse/plugins/com.st.stm32cube.ide.mcu.externaltools.gnu-tools-for-stm32.12.3.rel1.macos64_1.0.100.202403111906/tools/bin/../lib/gcc/arm-none-eabi/12.3.1/../../../../arm-none-eabi/lib/thumb/v7e-m/nofp/libc_nano.a(libc_a-mallocr.o)
 .debug_frame   0x000006d4       0x60 /Users/cherikiansh/Desktop/STM32CubeIDE.app/Contents/Eclipse/plugins/com.st.stm32cube.ide.mcu.externaltools.gnu-tools-for-stm32.12.3.rel1.macos64_1.0.100.202403111906/tools/bin/../lib/gcc/arm-none-eabi/12.3.1/../../../../arm-none-eabi/lib/thumb/v7e-m/nofp/libc_nano.a(libc_a-nano-vfprintf_i.o)
 .debug_frame   0x00000734       0x30 /Users/cherikiansh/Desktop/STM32CubeIDE.app/Contents/Eclipse/plugins/com.st.stm32cube.ide.mcu.externaltools.gnu-tools-for-stm32.12.3.rel1.macos64_1.0.100.202403111906/tools/bin/../lib/gcc/arm-none-eabi/12.3.1/../../../../arm-none-eabi/lib/thumb/v7e-m/nofp/libc_nano.a(libc_a-mlock.o)
 .debug_frame   0x00000764       0x3c /Users/cherikiansh/Desktop/STM32CubeIDE.app/Contents/Eclipse/plugins/com.st.stm32cube.ide.mcu.externaltools.gnu-tools-for-stm32.12.3.rel1.macos64_1.0.100.202403111906/tools/bin/../lib/gcc/arm-none-eabi/12.3.1/../../../../arm-none-eabi/lib/thumb/v7e-m/nofp/libc_nano.a(libc_a-reallocr.o)
 .debug_frame   0x000007a0       0x28 /Users/cherikiansh/Desktop/STM32CubeIDE.app/Contents/Eclipse/plugins/com.st.stm32cube.ide.mcu.externaltools.gnu-tools-for-stm32.12.3.rel1.macos64_1.0.100.202403111906/tools/bin/../lib/gcc/arm-none-eabi/12.3.1/../../../../arm-none-eabi/lib/thumb/v7e-m/nofp/libc_nano.a(libc_a-memmove.o)
 .debug_frame   0x000007c8       0x38 /Users/cherikiansh/Desktop/STM32CubeIDE.app/Contents/Eclipse/plugins/com.st.stm32cube.ide.mcu.externaltools.gnu-tools-for-stm32.12.3.rel1.macos64_1.0.100.202403111906/tools/bin/../lib/gcc/arm-none-eabi/12.3.1/../../../../arm-none-eabi/lib/thumb/v7e-m/nofp/libc_nano.a(libc_a-reent.o)
 .debug_frame   0x00000800       0x2c /Users/cherikiansh/Desktop/STM32CubeIDE.app/Contents/Eclipse/plugins/com.st.stm32cube.ide.mcu.externaltools.gnu-tools-for-stm32.12.3.rel1.macos64_1.0.100.202403111906/tools/bin/../lib/gcc/arm-none-eabi/12.3.1/../../../../arm-none-eabi/lib/thumb/v7e-m/nofp/libc_nano.a(libc_a-sbrkr.o)
 .debug_frame   0x0000082c       0x28 /Users/cherikiansh/Desktop/STM32CubeIDE.app/Contents/Eclipse/plugins/com.st.stm32cube.ide.mcu.externaltools.gnu-tools-for-stm32.12.3.rel1.macos64_1.0.100.202403111906/tools/bin/../lib/gcc/arm-none-eabi/12.3.1/../../../../arm-none-eabi/lib/thumb/v7e-m/nofp/libc_nano.a(libc_a-memcpy-stub.o)
 .debug_frame   0x00000854       0x38 /Users/cherikiansh/Desktop/STM32CubeIDE.app/Contents/Eclipse/plugins/com.st.stm32cube.ide.mcu.externaltools.gnu-tools-for-stm32.12.3.rel1.macos64_1.0.100.202403111906/tools/bin/../lib/gcc/arm-none-eabi/12.3.1/../../../../arm-none-eabi/lib/thumb/v7e-m/nofp/libc_nano.a(libc_a-freer.o)
 .debug_frame   0x0000088c       0x20 /Users/cherikiansh/Desktop/STM32CubeIDE.app/Contents/Eclipse/plugins/com.st.stm32cube.ide.mcu.externaltools.gnu-tools-for-stm32.12.3.rel1.macos64_1.0.100.202403111906/tools/bin/../lib/gcc/arm-none-eabi/12.3.1/../../../../arm-none-eabi/lib/thumb/v7e-m/nofp/libc_nano.a(libc_a-msizer.o)

.debug_loclists
                0x00000000       0x1f
 .debug_loclists
                0x00000000       0x1f ./Src/system_stm32f4xx.o

.debug_line_str
                0x00000000       0x62
 .debug_line_str
                0x00000000       0x62 ./Startup/startup_stm32f407vgtx.o
